{
  "recorded_at_utc": "2026-10-05T11:28:02.090850+00:00",
  "run": 3408,
  "mesh_size": 2,
  "cores": 4,
  "java_heap_gib": 8,
  "deadline_minutes": 360.0,
  "attempts": 1,
  "solver": "mumps-blr",
  "solver_settings": {
    "linsolver": "mumps",
    "mumpsblr": "on",
    "mumpsblrtol": "1e-8"
  },
  "numerical_change": "Explicit direct-solver settings; preserve generated sequence with runNoGen",
  "unchanged": "geometry/material/CCCC/1000Hz shift/32 candidates/16 extracted/80x80 grid; no refitting or recalibration",
  "code_sha256": {
    "hc_HighFidelity_LHS.py": "5fbcc2b294af29a31b14344c992e8b63727180ce5756f2f270267a5895b9fe7c",
    "p1_geometry.py": "a13bb4b315672b4a9dcdefa2c4a6a449e5c4b6ec54e3afe5d5cc5acd1c496363",
    "run_hf_batches.py": "103b2e198817355224296f8c3855d751c0e7bbe46a71e2ccd152a16ca64b5cdc"
  },
  "experiment_source_sha256": "740e36977ca0614dd18f7130adf55054a7d91920d6cbbe8b182fd572ee0e4213",
  "samples_sha256": "5dd4eb7f5e6bd75d86e7eb55be61f917a1befd6a57f501563909092a3c2fe10c",
  "worker_log": "C:\\Users\\LEGION\\Documents\\GitHub\\mechanics\\plate_main\\p1_data_five\\hf_followup_20261003\\resume3408_mesh2\\worker_logs\\run_3408_20261005T112802Z_12756_mumps_blr.log",
  "native_progress_log": "C:\\Users\\LEGION\\Documents\\GitHub\\mechanics\\plate_main\\p1_data_five\\hf_followup_20261003\\resume3408_mesh2\\worker_logs\\run_3408_20261005T112802Z_12756_mumps_blr.progress.log",
  "worker_owned_scratch": "D:\\p1_solver_g9rudxpy"
}
Worker PID 19196; durable log: C:\Users\LEGION\Documents\GitHub\mechanics\plate_main\p1_data_five\hf_followup_20261003\resume3408_mesh2\worker_logs\run_3408_20261005T112802Z_12756_mumps_blr.log
2026-10-05T11:29:02.208180+00:00 Worker PID 19196 still running; elapsed 1.0 minutes; log C:\Users\LEGION\Documents\GitHub\mechanics\plate_main\p1_data_five\hf_followup_20261003\resume3408_mesh2\worker_logs\run_3408_20261005T112802Z_12756_mumps_blr.log
2026-10-05T11:30:02.297543+00:00 Worker PID 19196 still running; elapsed 2.0 minutes; log C:\Users\LEGION\Documents\GitHub\mechanics\plate_main\p1_data_five\hf_followup_20261003\resume3408_mesh2\worker_logs\run_3408_20261005T112802Z_12756_mumps_blr.log
2026-10-05T11:31:02.381464+00:00 Worker PID 19196 still running; elapsed 3.0 minutes; log C:\Users\LEGION\Documents\GitHub\mechanics\plate_main\p1_data_five\hf_followup_20261003\resume3408_mesh2\worker_logs\run_3408_20261005T112802Z_12756_mumps_blr.log
2026-10-05T11:32:02.476813+00:00 Worker PID 19196 still running; elapsed 4.0 minutes; log C:\Users\LEGION\Documents\GitHub\mechanics\plate_main\p1_data_five\hf_followup_20261003\resume3408_mesh2\worker_logs\run_3408_20261005T112802Z_12756_mumps_blr.log
2026-10-05T11:33:02.586673+00:00 Worker PID 19196 still running; elapsed 5.0 minutes; log C:\Users\LEGION\Documents\GitHub\mechanics\plate_main\p1_data_five\hf_followup_20261003\resume3408_mesh2\worker_logs\run_3408_20261005T112802Z_12756_mumps_blr.log
2026-10-05T11:34:02.673423+00:00 Worker PID 19196 still running; elapsed 6.0 minutes; log C:\Users\LEGION\Documents\GitHub\mechanics\plate_main\p1_data_five\hf_followup_20261003\resume3408_mesh2\worker_logs\run_3408_20261005T112802Z_12756_mumps_blr.log
2026-10-05T11:35:02.810447+00:00 Worker PID 19196 still running; elapsed 7.0 minutes; log C:\Users\LEGION\Documents\GitHub\mechanics\plate_main\p1_data_five\hf_followup_20261003\resume3408_mesh2\worker_logs\run_3408_20261005T112802Z_12756_mumps_blr.log
2026-10-05T11:36:02.925379+00:00 Worker PID 19196 still running; elapsed 8.0 minutes; log C:\Users\LEGION\Documents\GitHub\mechanics\plate_main\p1_data_five\hf_followup_20261003\resume3408_mesh2\worker_logs\run_3408_20261005T112802Z_12756_mumps_blr.log
2026-10-05T11:37:03.008320+00:00 Worker PID 19196 still running; elapsed 9.0 minutes; log C:\Users\LEGION\Documents\GitHub\mechanics\plate_main\p1_data_five\hf_followup_20261003\resume3408_mesh2\worker_logs\run_3408_20261005T112802Z_12756_mumps_blr.log
2026-10-05T11:38:03.108548+00:00 Worker PID 19196 still running; elapsed 10.0 minutes; log C:\Users\LEGION\Documents\GitHub\mechanics\plate_main\p1_data_five\hf_followup_20261003\resume3408_mesh2\worker_logs\run_3408_20261005T112802Z_12756_mumps_blr.log
2026-10-05T11:39:03.211595+00:00 Worker PID 19196 still running; elapsed 11.0 minutes; log C:\Users\LEGION\Documents\GitHub\mechanics\plate_main\p1_data_five\hf_followup_20261003\resume3408_mesh2\worker_logs\run_3408_20261005T112802Z_12756_mumps_blr.log
2026-10-05T11:40:03.331890+00:00 Worker PID 19196 still running; elapsed 12.0 minutes; log C:\Users\LEGION\Documents\GitHub\mechanics\plate_main\p1_data_five\hf_followup_20261003\resume3408_mesh2\worker_logs\run_3408_20261005T112802Z_12756_mumps_blr.log
2026-10-05T11:41:03.418199+00:00 Worker PID 19196 still running; elapsed 13.0 minutes; log C:\Users\LEGION\Documents\GitHub\mechanics\plate_main\p1_data_five\hf_followup_20261003\resume3408_mesh2\worker_logs\run_3408_20261005T112802Z_12756_mumps_blr.log
2026-10-05T11:42:03.497258+00:00 Worker PID 19196 still running; elapsed 14.0 minutes; log C:\Users\LEGION\Documents\GitHub\mechanics\plate_main\p1_data_five\hf_followup_20261003\resume3408_mesh2\worker_logs\run_3408_20261005T112802Z_12756_mumps_blr.log
2026-10-05T11:43:03.583059+00:00 Worker PID 19196 still running; elapsed 15.0 minutes; log C:\Users\LEGION\Documents\GitHub\mechanics\plate_main\p1_data_five\hf_followup_20261003\resume3408_mesh2\worker_logs\run_3408_20261005T112802Z_12756_mumps_blr.log
2026-10-05T11:44:03.662045+00:00 Worker PID 19196 still running; elapsed 16.0 minutes; log C:\Users\LEGION\Documents\GitHub\mechanics\plate_main\p1_data_five\hf_followup_20261003\resume3408_mesh2\worker_logs\run_3408_20261005T112802Z_12756_mumps_blr.log
2026-10-05T11:45:03.756060+00:00 Worker PID 19196 still running; elapsed 17.0 minutes; log C:\Users\LEGION\Documents\GitHub\mechanics\plate_main\p1_data_five\hf_followup_20261003\resume3408_mesh2\worker_logs\run_3408_20261005T112802Z_12756_mumps_blr.log
2026-10-05T11:46:03.852827+00:00 Worker PID 19196 still running; elapsed 18.0 minutes; log C:\Users\LEGION\Documents\GitHub\mechanics\plate_main\p1_data_five\hf_followup_20261003\resume3408_mesh2\worker_logs\run_3408_20261005T112802Z_12756_mumps_blr.log
2026-10-05T11:47:03.964012+00:00 Worker PID 19196 still running; elapsed 19.0 minutes; log C:\Users\LEGION\Documents\GitHub\mechanics\plate_main\p1_data_five\hf_followup_20261003\resume3408_mesh2\worker_logs\run_3408_20261005T112802Z_12756_mumps_blr.log
2026-10-05T11:48:04.068610+00:00 Worker PID 19196 still running; elapsed 20.0 minutes; log C:\Users\LEGION\Documents\GitHub\mechanics\plate_main\p1_data_five\hf_followup_20261003\resume3408_mesh2\worker_logs\run_3408_20261005T112802Z_12756_mumps_blr.log
2026-10-05T11:49:04.147974+00:00 Worker PID 19196 still running; elapsed 21.0 minutes; log C:\Users\LEGION\Documents\GitHub\mechanics\plate_main\p1_data_five\hf_followup_20261003\resume3408_mesh2\worker_logs\run_3408_20261005T112802Z_12756_mumps_blr.log
2026-10-05T11:50:04.242748+00:00 Worker PID 19196 still running; elapsed 22.0 minutes; log C:\Users\LEGION\Documents\GitHub\mechanics\plate_main\p1_data_five\hf_followup_20261003\resume3408_mesh2\worker_logs\run_3408_20261005T112802Z_12756_mumps_blr.log
2026-10-05T11:51:04.318747+00:00 Worker PID 19196 still running; elapsed 23.0 minutes; log C:\Users\LEGION\Documents\GitHub\mechanics\plate_main\p1_data_five\hf_followup_20261003\resume3408_mesh2\worker_logs\run_3408_20261005T112802Z_12756_mumps_blr.log
2026-10-05T11:52:04.439563+00:00 Worker PID 19196 still running; elapsed 24.0 minutes; log C:\Users\LEGION\Documents\GitHub\mechanics\plate_main\p1_data_five\hf_followup_20261003\resume3408_mesh2\worker_logs\run_3408_20261005T112802Z_12756_mumps_blr.log
2026-10-05T11:53:04.516631+00:00 Worker PID 19196 still running; elapsed 25.0 minutes; log C:\Users\LEGION\Documents\GitHub\mechanics\plate_main\p1_data_five\hf_followup_20261003\resume3408_mesh2\worker_logs\run_3408_20261005T112802Z_12756_mumps_blr.log
2026-10-05T11:54:04.594711+00:00 Worker PID 19196 still running; elapsed 26.0 minutes; log C:\Users\LEGION\Documents\GitHub\mechanics\plate_main\p1_data_five\hf_followup_20261003\resume3408_mesh2\worker_logs\run_3408_20261005T112802Z_12756_mumps_blr.log
2026-10-05T11:55:04.671346+00:00 Worker PID 19196 still running; elapsed 27.0 minutes; log C:\Users\LEGION\Documents\GitHub\mechanics\plate_main\p1_data_five\hf_followup_20261003\resume3408_mesh2\worker_logs\run_3408_20261005T112802Z_12756_mumps_blr.log
2026-10-05T11:56:04.762337+00:00 Worker PID 19196 still running; elapsed 28.0 minutes; log C:\Users\LEGION\Documents\GitHub\mechanics\plate_main\p1_data_five\hf_followup_20261003\resume3408_mesh2\worker_logs\run_3408_20261005T112802Z_12756_mumps_blr.log
2026-10-05T11:57:04.892001+00:00 Worker PID 19196 still running; elapsed 29.0 minutes; log C:\Users\LEGION\Documents\GitHub\mechanics\plate_main\p1_data_five\hf_followup_20261003\resume3408_mesh2\worker_logs\run_3408_20261005T112802Z_12756_mumps_blr.log
2026-10-05T11:58:04.984037+00:00 Worker PID 19196 still running; elapsed 30.0 minutes; log C:\Users\LEGION\Documents\GitHub\mechanics\plate_main\p1_data_five\hf_followup_20261003\resume3408_mesh2\worker_logs\run_3408_20261005T112802Z_12756_mumps_blr.log
2026-10-05T11:59:05.081494+00:00 Worker PID 19196 still running; elapsed 31.0 minutes; log C:\Users\LEGION\Documents\GitHub\mechanics\plate_main\p1_data_five\hf_followup_20261003\resume3408_mesh2\worker_logs\run_3408_20261005T112802Z_12756_mumps_blr.log
2026-10-05T12:00:05.195252+00:00 Worker PID 19196 still running; elapsed 32.1 minutes; log C:\Users\LEGION\Documents\GitHub\mechanics\plate_main\p1_data_five\hf_followup_20261003\resume3408_mesh2\worker_logs\run_3408_20261005T112802Z_12756_mumps_blr.log
2026-10-05T12:01:05.277346+00:00 Worker PID 19196 still running; elapsed 33.1 minutes; log C:\Users\LEGION\Documents\GitHub\mechanics\plate_main\p1_data_five\hf_followup_20261003\resume3408_mesh2\worker_logs\run_3408_20261005T112802Z_12756_mumps_blr.log
2026-10-05T12:02:05.364068+00:00 Worker PID 19196 still running; elapsed 34.1 minutes; log C:\Users\LEGION\Documents\GitHub\mechanics\plate_main\p1_data_five\hf_followup_20261003\resume3408_mesh2\worker_logs\run_3408_20261005T112802Z_12756_mumps_blr.log
2026-10-05T12:03:05.475550+00:00 Worker PID 19196 still running; elapsed 35.1 minutes; log C:\Users\LEGION\Documents\GitHub\mechanics\plate_main\p1_data_five\hf_followup_20261003\resume3408_mesh2\worker_logs\run_3408_20261005T112802Z_12756_mumps_blr.log
2026-10-05T12:04:05.574125+00:00 Worker PID 19196 still running; elapsed 36.1 minutes; log C:\Users\LEGION\Documents\GitHub\mechanics\plate_main\p1_data_five\hf_followup_20261003\resume3408_mesh2\worker_logs\run_3408_20261005T112802Z_12756_mumps_blr.log
2026-10-05T12:05:05.686459+00:00 Worker PID 19196 still running; elapsed 37.1 minutes; log C:\Users\LEGION\Documents\GitHub\mechanics\plate_main\p1_data_five\hf_followup_20261003\resume3408_mesh2\worker_logs\run_3408_20261005T112802Z_12756_mumps_blr.log
2026-10-05T12:06:05.794802+00:00 Worker PID 19196 still running; elapsed 38.1 minutes; log C:\Users\LEGION\Documents\GitHub\mechanics\plate_main\p1_data_five\hf_followup_20261003\resume3408_mesh2\worker_logs\run_3408_20261005T112802Z_12756_mumps_blr.log
2026-10-05T12:07:05.881284+00:00 Worker PID 19196 still running; elapsed 39.1 minutes; log C:\Users\LEGION\Documents\GitHub\mechanics\plate_main\p1_data_five\hf_followup_20261003\resume3408_mesh2\worker_logs\run_3408_20261005T112802Z_12756_mumps_blr.log
2026-10-05T12:08:05.992654+00:00 Worker PID 19196 still running; elapsed 40.1 minutes; log C:\Users\LEGION\Documents\GitHub\mechanics\plate_main\p1_data_five\hf_followup_20261003\resume3408_mesh2\worker_logs\run_3408_20261005T112802Z_12756_mumps_blr.log
2026-10-05T12:09:06.087055+00:00 Worker PID 19196 still running; elapsed 41.1 minutes; log C:\Users\LEGION\Documents\GitHub\mechanics\plate_main\p1_data_five\hf_followup_20261003\resume3408_mesh2\worker_logs\run_3408_20261005T112802Z_12756_mumps_blr.log
2026-10-05T12:10:06.174405+00:00 Worker PID 19196 still running; elapsed 42.1 minutes; log C:\Users\LEGION\Documents\GitHub\mechanics\plate_main\p1_data_five\hf_followup_20261003\resume3408_mesh2\worker_logs\run_3408_20261005T112802Z_12756_mumps_blr.log
2026-10-05T12:11:06.280758+00:00 Worker PID 19196 still running; elapsed 43.1 minutes; log C:\Users\LEGION\Documents\GitHub\mechanics\plate_main\p1_data_five\hf_followup_20261003\resume3408_mesh2\worker_logs\run_3408_20261005T112802Z_12756_mumps_blr.log
2026-10-05T12:12:06.353884+00:00 Worker PID 19196 still running; elapsed 44.1 minutes; log C:\Users\LEGION\Documents\GitHub\mechanics\plate_main\p1_data_five\hf_followup_20261003\resume3408_mesh2\worker_logs\run_3408_20261005T112802Z_12756_mumps_blr.log
2026-10-05T12:13:06.418542+00:00 Worker PID 19196 still running; elapsed 45.1 minutes; log C:\Users\LEGION\Documents\GitHub\mechanics\plate_main\p1_data_five\hf_followup_20261003\resume3408_mesh2\worker_logs\run_3408_20261005T112802Z_12756_mumps_blr.log
2026-10-05T12:14:06.537352+00:00 Worker PID 19196 still running; elapsed 46.1 minutes; log C:\Users\LEGION\Documents\GitHub\mechanics\plate_main\p1_data_five\hf_followup_20261003\resume3408_mesh2\worker_logs\run_3408_20261005T112802Z_12756_mumps_blr.log
2026-10-05T12:15:06.654961+00:00 Worker PID 19196 still running; elapsed 47.1 minutes; log C:\Users\LEGION\Documents\GitHub\mechanics\plate_main\p1_data_five\hf_followup_20261003\resume3408_mesh2\worker_logs\run_3408_20261005T112802Z_12756_mumps_blr.log
2026-10-05T12:16:06.722624+00:00 Worker PID 19196 still running; elapsed 48.1 minutes; log C:\Users\LEGION\Documents\GitHub\mechanics\plate_main\p1_data_five\hf_followup_20261003\resume3408_mesh2\worker_logs\run_3408_20261005T112802Z_12756_mumps_blr.log
2026-10-05T12:17:06.827481+00:00 Worker PID 19196 still running; elapsed 49.1 minutes; log C:\Users\LEGION\Documents\GitHub\mechanics\plate_main\p1_data_five\hf_followup_20261003\resume3408_mesh2\worker_logs\run_3408_20261005T112802Z_12756_mumps_blr.log
2026-10-05T12:18:06.909257+00:00 Worker PID 19196 still running; elapsed 50.1 minutes; log C:\Users\LEGION\Documents\GitHub\mechanics\plate_main\p1_data_five\hf_followup_20261003\resume3408_mesh2\worker_logs\run_3408_20261005T112802Z_12756_mumps_blr.log
2026-10-05T12:19:06.975959+00:00 Worker PID 19196 still running; elapsed 51.1 minutes; log C:\Users\LEGION\Documents\GitHub\mechanics\plate_main\p1_data_five\hf_followup_20261003\resume3408_mesh2\worker_logs\run_3408_20261005T112802Z_12756_mumps_blr.log
2026-10-05T12:20:07.059505+00:00 Worker PID 19196 still running; elapsed 52.1 minutes; log C:\Users\LEGION\Documents\GitHub\mechanics\plate_main\p1_data_five\hf_followup_20261003\resume3408_mesh2\worker_logs\run_3408_20261005T112802Z_12756_mumps_blr.log
2026-10-05T12:21:07.165301+00:00 Worker PID 19196 still running; elapsed 53.1 minutes; log C:\Users\LEGION\Documents\GitHub\mechanics\plate_main\p1_data_five\hf_followup_20261003\resume3408_mesh2\worker_logs\run_3408_20261005T112802Z_12756_mumps_blr.log
2026-10-05T12:22:07.254673+00:00 Worker PID 19196 still running; elapsed 54.1 minutes; log C:\Users\LEGION\Documents\GitHub\mechanics\plate_main\p1_data_five\hf_followup_20261003\resume3408_mesh2\worker_logs\run_3408_20261005T112802Z_12756_mumps_blr.log
2026-10-05T12:23:07.346723+00:00 Worker PID 19196 still running; elapsed 55.1 minutes; log C:\Users\LEGION\Documents\GitHub\mechanics\plate_main\p1_data_five\hf_followup_20261003\resume3408_mesh2\worker_logs\run_3408_20261005T112802Z_12756_mumps_blr.log
2026-10-05T12:24:07.441025+00:00 Worker PID 19196 still running; elapsed 56.1 minutes; log C:\Users\LEGION\Documents\GitHub\mechanics\plate_main\p1_data_five\hf_followup_20261003\resume3408_mesh2\worker_logs\run_3408_20261005T112802Z_12756_mumps_blr.log
2026-10-05T12:25:07.543042+00:00 Worker PID 19196 still running; elapsed 57.1 minutes; log C:\Users\LEGION\Documents\GitHub\mechanics\plate_main\p1_data_five\hf_followup_20261003\resume3408_mesh2\worker_logs\run_3408_20261005T112802Z_12756_mumps_blr.log
2026-10-05T12:26:07.616584+00:00 Worker PID 19196 still running; elapsed 58.1 minutes; log C:\Users\LEGION\Documents\GitHub\mechanics\plate_main\p1_data_five\hf_followup_20261003\resume3408_mesh2\worker_logs\run_3408_20261005T112802Z_12756_mumps_blr.log
2026-10-05T12:27:07.710682+00:00 Worker PID 19196 still running; elapsed 59.1 minutes; log C:\Users\LEGION\Documents\GitHub\mechanics\plate_main\p1_data_five\hf_followup_20261003\resume3408_mesh2\worker_logs\run_3408_20261005T112802Z_12756_mumps_blr.log
2026-10-05T12:28:07.799515+00:00 Worker PID 19196 still running; elapsed 60.1 minutes; log C:\Users\LEGION\Documents\GitHub\mechanics\plate_main\p1_data_five\hf_followup_20261003\resume3408_mesh2\worker_logs\run_3408_20261005T112802Z_12756_mumps_blr.log
2026-10-05T12:29:07.922064+00:00 Worker PID 19196 still running; elapsed 61.1 minutes; log C:\Users\LEGION\Documents\GitHub\mechanics\plate_main\p1_data_five\hf_followup_20261003\resume3408_mesh2\worker_logs\run_3408_20261005T112802Z_12756_mumps_blr.log
2026-10-05T12:30:08.033838+00:00 Worker PID 19196 still running; elapsed 62.1 minutes; log C:\Users\LEGION\Documents\GitHub\mechanics\plate_main\p1_data_five\hf_followup_20261003\resume3408_mesh2\worker_logs\run_3408_20261005T112802Z_12756_mumps_blr.log
2026-10-05T12:31:08.125099+00:00 Worker PID 19196 still running; elapsed 63.1 minutes; log C:\Users\LEGION\Documents\GitHub\mechanics\plate_main\p1_data_five\hf_followup_20261003\resume3408_mesh2\worker_logs\run_3408_20261005T112802Z_12756_mumps_blr.log
2026-10-05T12:32:08.213724+00:00 Worker PID 19196 still running; elapsed 64.1 minutes; log C:\Users\LEGION\Documents\GitHub\mechanics\plate_main\p1_data_five\hf_followup_20261003\resume3408_mesh2\worker_logs\run_3408_20261005T112802Z_12756_mumps_blr.log
2026-10-05T12:33:08.311084+00:00 Worker PID 19196 still running; elapsed 65.1 minutes; log C:\Users\LEGION\Documents\GitHub\mechanics\plate_main\p1_data_five\hf_followup_20261003\resume3408_mesh2\worker_logs\run_3408_20261005T112802Z_12756_mumps_blr.log
2026-10-05T12:34:08.387266+00:00 Worker PID 19196 still running; elapsed 66.1 minutes; log C:\Users\LEGION\Documents\GitHub\mechanics\plate_main\p1_data_five\hf_followup_20261003\resume3408_mesh2\worker_logs\run_3408_20261005T112802Z_12756_mumps_blr.log
2026-10-05T12:35:08.497369+00:00 Worker PID 19196 still running; elapsed 67.1 minutes; log C:\Users\LEGION\Documents\GitHub\mechanics\plate_main\p1_data_five\hf_followup_20261003\resume3408_mesh2\worker_logs\run_3408_20261005T112802Z_12756_mumps_blr.log
2026-10-05T12:36:08.587774+00:00 Worker PID 19196 still running; elapsed 68.1 minutes; log C:\Users\LEGION\Documents\GitHub\mechanics\plate_main\p1_data_five\hf_followup_20261003\resume3408_mesh2\worker_logs\run_3408_20261005T112802Z_12756_mumps_blr.log
2026-10-05T12:37:08.685538+00:00 Worker PID 19196 still running; elapsed 69.1 minutes; log C:\Users\LEGION\Documents\GitHub\mechanics\plate_main\p1_data_five\hf_followup_20261003\resume3408_mesh2\worker_logs\run_3408_20261005T112802Z_12756_mumps_blr.log
2026-10-05T12:38:08.784265+00:00 Worker PID 19196 still running; elapsed 70.1 minutes; log C:\Users\LEGION\Documents\GitHub\mechanics\plate_main\p1_data_five\hf_followup_20261003\resume3408_mesh2\worker_logs\run_3408_20261005T112802Z_12756_mumps_blr.log
2026-10-05T12:39:08.885133+00:00 Worker PID 19196 still running; elapsed 71.1 minutes; log C:\Users\LEGION\Documents\GitHub\mechanics\plate_main\p1_data_five\hf_followup_20261003\resume3408_mesh2\worker_logs\run_3408_20261005T112802Z_12756_mumps_blr.log
2026-10-05T12:40:08.960825+00:00 Worker PID 19196 still running; elapsed 72.1 minutes; log C:\Users\LEGION\Documents\GitHub\mechanics\plate_main\p1_data_five\hf_followup_20261003\resume3408_mesh2\worker_logs\run_3408_20261005T112802Z_12756_mumps_blr.log
2026-10-05T12:41:09.049990+00:00 Worker PID 19196 still running; elapsed 73.1 minutes; log C:\Users\LEGION\Documents\GitHub\mechanics\plate_main\p1_data_five\hf_followup_20261003\resume3408_mesh2\worker_logs\run_3408_20261005T112802Z_12756_mumps_blr.log
2026-10-05T12:42:09.136287+00:00 Worker PID 19196 still running; elapsed 74.1 minutes; log C:\Users\LEGION\Documents\GitHub\mechanics\plate_main\p1_data_five\hf_followup_20261003\resume3408_mesh2\worker_logs\run_3408_20261005T112802Z_12756_mumps_blr.log
2026-10-05T12:43:09.227654+00:00 Worker PID 19196 still running; elapsed 75.1 minutes; log C:\Users\LEGION\Documents\GitHub\mechanics\plate_main\p1_data_five\hf_followup_20261003\resume3408_mesh2\worker_logs\run_3408_20261005T112802Z_12756_mumps_blr.log
2026-10-05T12:44:09.295336+00:00 Worker PID 19196 still running; elapsed 76.1 minutes; log C:\Users\LEGION\Documents\GitHub\mechanics\plate_main\p1_data_five\hf_followup_20261003\resume3408_mesh2\worker_logs\run_3408_20261005T112802Z_12756_mumps_blr.log
2026-10-05T12:45:09.374499+00:00 Worker PID 19196 still running; elapsed 77.1 minutes; log C:\Users\LEGION\Documents\GitHub\mechanics\plate_main\p1_data_five\hf_followup_20261003\resume3408_mesh2\worker_logs\run_3408_20261005T112802Z_12756_mumps_blr.log
2026-10-05T12:46:09.452240+00:00 Worker PID 19196 still running; elapsed 78.1 minutes; log C:\Users\LEGION\Documents\GitHub\mechanics\plate_main\p1_data_five\hf_followup_20261003\resume3408_mesh2\worker_logs\run_3408_20261005T112802Z_12756_mumps_blr.log
2026-10-05T12:47:09.527656+00:00 Worker PID 19196 still running; elapsed 79.1 minutes; log C:\Users\LEGION\Documents\GitHub\mechanics\plate_main\p1_data_five\hf_followup_20261003\resume3408_mesh2\worker_logs\run_3408_20261005T112802Z_12756_mumps_blr.log
2026-10-05T12:48:09.632992+00:00 Worker PID 19196 still running; elapsed 80.1 minutes; log C:\Users\LEGION\Documents\GitHub\mechanics\plate_main\p1_data_five\hf_followup_20261003\resume3408_mesh2\worker_logs\run_3408_20261005T112802Z_12756_mumps_blr.log
2026-10-05T12:49:09.723219+00:00 Worker PID 19196 still running; elapsed 81.1 minutes; log C:\Users\LEGION\Documents\GitHub\mechanics\plate_main\p1_data_five\hf_followup_20261003\resume3408_mesh2\worker_logs\run_3408_20261005T112802Z_12756_mumps_blr.log
2026-10-05T12:50:09.820792+00:00 Worker PID 19196 still running; elapsed 82.1 minutes; log C:\Users\LEGION\Documents\GitHub\mechanics\plate_main\p1_data_five\hf_followup_20261003\resume3408_mesh2\worker_logs\run_3408_20261005T112802Z_12756_mumps_blr.log
2026-10-05T12:51:09.900048+00:00 Worker PID 19196 still running; elapsed 83.1 minutes; log C:\Users\LEGION\Documents\GitHub\mechanics\plate_main\p1_data_five\hf_followup_20261003\resume3408_mesh2\worker_logs\run_3408_20261005T112802Z_12756_mumps_blr.log
2026-10-05T12:52:09.962639+00:00 Worker PID 19196 still running; elapsed 84.1 minutes; log C:\Users\LEGION\Documents\GitHub\mechanics\plate_main\p1_data_five\hf_followup_20261003\resume3408_mesh2\worker_logs\run_3408_20261005T112802Z_12756_mumps_blr.log
2026-10-05T12:53:10.090588+00:00 Worker PID 19196 still running; elapsed 85.1 minutes; log C:\Users\LEGION\Documents\GitHub\mechanics\plate_main\p1_data_five\hf_followup_20261003\resume3408_mesh2\worker_logs\run_3408_20261005T112802Z_12756_mumps_blr.log
2026-10-05T12:54:10.164202+00:00 Worker PID 19196 still running; elapsed 86.1 minutes; log C:\Users\LEGION\Documents\GitHub\mechanics\plate_main\p1_data_five\hf_followup_20261003\resume3408_mesh2\worker_logs\run_3408_20261005T112802Z_12756_mumps_blr.log
2026-10-05T12:55:10.262005+00:00 Worker PID 19196 still running; elapsed 87.1 minutes; log C:\Users\LEGION\Documents\GitHub\mechanics\plate_main\p1_data_five\hf_followup_20261003\resume3408_mesh2\worker_logs\run_3408_20261005T112802Z_12756_mumps_blr.log
2026-10-05T12:56:10.325190+00:00 Worker PID 19196 still running; elapsed 88.1 minutes; log C:\Users\LEGION\Documents\GitHub\mechanics\plate_main\p1_data_five\hf_followup_20261003\resume3408_mesh2\worker_logs\run_3408_20261005T112802Z_12756_mumps_blr.log
2026-10-05T12:57:10.417850+00:00 Worker PID 19196 still running; elapsed 89.1 minutes; log C:\Users\LEGION\Documents\GitHub\mechanics\plate_main\p1_data_five\hf_followup_20261003\resume3408_mesh2\worker_logs\run_3408_20261005T112802Z_12756_mumps_blr.log
2026-10-05T12:58:10.495892+00:00 Worker PID 19196 still running; elapsed 90.1 minutes; log C:\Users\LEGION\Documents\GitHub\mechanics\plate_main\p1_data_five\hf_followup_20261003\resume3408_mesh2\worker_logs\run_3408_20261005T112802Z_12756_mumps_blr.log
2026-10-05T12:59:10.581318+00:00 Worker PID 19196 still running; elapsed 91.1 minutes; log C:\Users\LEGION\Documents\GitHub\mechanics\plate_main\p1_data_five\hf_followup_20261003\resume3408_mesh2\worker_logs\run_3408_20261005T112802Z_12756_mumps_blr.log
2026-10-05T13:00:10.675895+00:00 Worker PID 19196 still running; elapsed 92.1 minutes; log C:\Users\LEGION\Documents\GitHub\mechanics\plate_main\p1_data_five\hf_followup_20261003\resume3408_mesh2\worker_logs\run_3408_20261005T112802Z_12756_mumps_blr.log
2026-10-05T13:01:10.739809+00:00 Worker PID 19196 still running; elapsed 93.1 minutes; log C:\Users\LEGION\Documents\GitHub\mechanics\plate_main\p1_data_five\hf_followup_20261003\resume3408_mesh2\worker_logs\run_3408_20261005T112802Z_12756_mumps_blr.log
2026-10-05T13:02:10.869947+00:00 Worker PID 19196 still running; elapsed 94.1 minutes; log C:\Users\LEGION\Documents\GitHub\mechanics\plate_main\p1_data_five\hf_followup_20261003\resume3408_mesh2\worker_logs\run_3408_20261005T112802Z_12756_mumps_blr.log
2026-10-05T13:03:10.949974+00:00 Worker PID 19196 still running; elapsed 95.1 minutes; log C:\Users\LEGION\Documents\GitHub\mechanics\plate_main\p1_data_five\hf_followup_20261003\resume3408_mesh2\worker_logs\run_3408_20261005T112802Z_12756_mumps_blr.log
2026-10-05T13:04:11.030190+00:00 Worker PID 19196 still running; elapsed 96.1 minutes; log C:\Users\LEGION\Documents\GitHub\mechanics\plate_main\p1_data_five\hf_followup_20261003\resume3408_mesh2\worker_logs\run_3408_20261005T112802Z_12756_mumps_blr.log
2026-10-05T13:05:11.136261+00:00 Worker PID 19196 still running; elapsed 97.2 minutes; log C:\Users\LEGION\Documents\GitHub\mechanics\plate_main\p1_data_five\hf_followup_20261003\resume3408_mesh2\worker_logs\run_3408_20261005T112802Z_12756_mumps_blr.log
2026-10-05T13:06:11.220378+00:00 Worker PID 19196 still running; elapsed 98.2 minutes; log C:\Users\LEGION\Documents\GitHub\mechanics\plate_main\p1_data_five\hf_followup_20261003\resume3408_mesh2\worker_logs\run_3408_20261005T112802Z_12756_mumps_blr.log
2026-10-05T13:07:11.308025+00:00 Worker PID 19196 still running; elapsed 99.2 minutes; log C:\Users\LEGION\Documents\GitHub\mechanics\plate_main\p1_data_five\hf_followup_20261003\resume3408_mesh2\worker_logs\run_3408_20261005T112802Z_12756_mumps_blr.log
2026-10-05T13:08:11.414999+00:00 Worker PID 19196 still running; elapsed 100.2 minutes; log C:\Users\LEGION\Documents\GitHub\mechanics\plate_main\p1_data_five\hf_followup_20261003\resume3408_mesh2\worker_logs\run_3408_20261005T112802Z_12756_mumps_blr.log
2026-10-05T13:09:11.498230+00:00 Worker PID 19196 still running; elapsed 101.2 minutes; log C:\Users\LEGION\Documents\GitHub\mechanics\plate_main\p1_data_five\hf_followup_20261003\resume3408_mesh2\worker_logs\run_3408_20261005T112802Z_12756_mumps_blr.log
2026-10-05T13:10:11.587027+00:00 Worker PID 19196 still running; elapsed 102.2 minutes; log C:\Users\LEGION\Documents\GitHub\mechanics\plate_main\p1_data_five\hf_followup_20261003\resume3408_mesh2\worker_logs\run_3408_20261005T112802Z_12756_mumps_blr.log
2026-10-05T13:11:11.685809+00:00 Worker PID 19196 still running; elapsed 103.2 minutes; log C:\Users\LEGION\Documents\GitHub\mechanics\plate_main\p1_data_five\hf_followup_20261003\resume3408_mesh2\worker_logs\run_3408_20261005T112802Z_12756_mumps_blr.log
2026-10-05T13:12:11.799571+00:00 Worker PID 19196 still running; elapsed 104.2 minutes; log C:\Users\LEGION\Documents\GitHub\mechanics\plate_main\p1_data_five\hf_followup_20261003\resume3408_mesh2\worker_logs\run_3408_20261005T112802Z_12756_mumps_blr.log
2026-10-05T13:13:11.895335+00:00 Worker PID 19196 still running; elapsed 105.2 minutes; log C:\Users\LEGION\Documents\GitHub\mechanics\plate_main\p1_data_five\hf_followup_20261003\resume3408_mesh2\worker_logs\run_3408_20261005T112802Z_12756_mumps_blr.log
2026-10-05T13:14:11.973436+00:00 Worker PID 19196 still running; elapsed 106.2 minutes; log C:\Users\LEGION\Documents\GitHub\mechanics\plate_main\p1_data_five\hf_followup_20261003\resume3408_mesh2\worker_logs\run_3408_20261005T112802Z_12756_mumps_blr.log
2026-10-05T13:15:12.115010+00:00 Worker PID 19196 still running; elapsed 107.2 minutes; log C:\Users\LEGION\Documents\GitHub\mechanics\plate_main\p1_data_five\hf_followup_20261003\resume3408_mesh2\worker_logs\run_3408_20261005T112802Z_12756_mumps_blr.log
2026-10-05T13:16:12.202091+00:00 Worker PID 19196 still running; elapsed 108.2 minutes; log C:\Users\LEGION\Documents\GitHub\mechanics\plate_main\p1_data_five\hf_followup_20261003\resume3408_mesh2\worker_logs\run_3408_20261005T112802Z_12756_mumps_blr.log
2026-10-05T13:17:12.327905+00:00 Worker PID 19196 still running; elapsed 109.2 minutes; log C:\Users\LEGION\Documents\GitHub\mechanics\plate_main\p1_data_five\hf_followup_20261003\resume3408_mesh2\worker_logs\run_3408_20261005T112802Z_12756_mumps_blr.log
2026-10-05T13:18:12.416290+00:00 Worker PID 19196 still running; elapsed 110.2 minutes; log C:\Users\LEGION\Documents\GitHub\mechanics\plate_main\p1_data_five\hf_followup_20261003\resume3408_mesh2\worker_logs\run_3408_20261005T112802Z_12756_mumps_blr.log
2026-10-05T13:19:12.543821+00:00 Worker PID 19196 still running; elapsed 111.2 minutes; log C:\Users\LEGION\Documents\GitHub\mechanics\plate_main\p1_data_five\hf_followup_20261003\resume3408_mesh2\worker_logs\run_3408_20261005T112802Z_12756_mumps_blr.log
2026-10-05T13:20:12.604296+00:00 Worker PID 19196 still running; elapsed 112.2 minutes; log C:\Users\LEGION\Documents\GitHub\mechanics\plate_main\p1_data_five\hf_followup_20261003\resume3408_mesh2\worker_logs\run_3408_20261005T112802Z_12756_mumps_blr.log
2026-10-05T13:21:12.702794+00:00 Worker PID 19196 still running; elapsed 113.2 minutes; log C:\Users\LEGION\Documents\GitHub\mechanics\plate_main\p1_data_five\hf_followup_20261003\resume3408_mesh2\worker_logs\run_3408_20261005T112802Z_12756_mumps_blr.log
2026-10-05T13:22:12.820442+00:00 Worker PID 19196 still running; elapsed 114.2 minutes; log C:\Users\LEGION\Documents\GitHub\mechanics\plate_main\p1_data_five\hf_followup_20261003\resume3408_mesh2\worker_logs\run_3408_20261005T112802Z_12756_mumps_blr.log
2026-10-05T13:23:12.929008+00:00 Worker PID 19196 still running; elapsed 115.2 minutes; log C:\Users\LEGION\Documents\GitHub\mechanics\plate_main\p1_data_five\hf_followup_20261003\resume3408_mesh2\worker_logs\run_3408_20261005T112802Z_12756_mumps_blr.log
2026-10-05T13:24:12.996678+00:00 Worker PID 19196 still running; elapsed 116.2 minutes; log C:\Users\LEGION\Documents\GitHub\mechanics\plate_main\p1_data_five\hf_followup_20261003\resume3408_mesh2\worker_logs\run_3408_20261005T112802Z_12756_mumps_blr.log
2026-10-05T13:25:13.121909+00:00 Worker PID 19196 still running; elapsed 117.2 minutes; log C:\Users\LEGION\Documents\GitHub\mechanics\plate_main\p1_data_five\hf_followup_20261003\resume3408_mesh2\worker_logs\run_3408_20261005T112802Z_12756_mumps_blr.log
2026-10-05T13:26:13.244255+00:00 Worker PID 19196 still running; elapsed 118.2 minutes; log C:\Users\LEGION\Documents\GitHub\mechanics\plate_main\p1_data_five\hf_followup_20261003\resume3408_mesh2\worker_logs\run_3408_20261005T112802Z_12756_mumps_blr.log
2026-10-05T13:27:13.345563+00:00 Worker PID 19196 still running; elapsed 119.2 minutes; log C:\Users\LEGION\Documents\GitHub\mechanics\plate_main\p1_data_five\hf_followup_20261003\resume3408_mesh2\worker_logs\run_3408_20261005T112802Z_12756_mumps_blr.log
2026-10-05T13:28:13.428691+00:00 Worker PID 19196 still running; elapsed 120.2 minutes; log C:\Users\LEGION\Documents\GitHub\mechanics\plate_main\p1_data_five\hf_followup_20261003\resume3408_mesh2\worker_logs\run_3408_20261005T112802Z_12756_mumps_blr.log
2026-10-05T13:29:13.507729+00:00 Worker PID 19196 still running; elapsed 121.2 minutes; log C:\Users\LEGION\Documents\GitHub\mechanics\plate_main\p1_data_five\hf_followup_20261003\resume3408_mesh2\worker_logs\run_3408_20261005T112802Z_12756_mumps_blr.log
2026-10-05T13:30:13.613445+00:00 Worker PID 19196 still running; elapsed 122.2 minutes; log C:\Users\LEGION\Documents\GitHub\mechanics\plate_main\p1_data_five\hf_followup_20261003\resume3408_mesh2\worker_logs\run_3408_20261005T112802Z_12756_mumps_blr.log
2026-10-05T13:31:13.671666+00:00 Worker PID 19196 still running; elapsed 123.2 minutes; log C:\Users\LEGION\Documents\GitHub\mechanics\plate_main\p1_data_five\hf_followup_20261003\resume3408_mesh2\worker_logs\run_3408_20261005T112802Z_12756_mumps_blr.log
2026-10-05T13:32:13.755904+00:00 Worker PID 19196 still running; elapsed 124.2 minutes; log C:\Users\LEGION\Documents\GitHub\mechanics\plate_main\p1_data_five\hf_followup_20261003\resume3408_mesh2\worker_logs\run_3408_20261005T112802Z_12756_mumps_blr.log
2026-10-05T13:33:13.823689+00:00 Worker PID 19196 still running; elapsed 125.2 minutes; log C:\Users\LEGION\Documents\GitHub\mechanics\plate_main\p1_data_five\hf_followup_20261003\resume3408_mesh2\worker_logs\run_3408_20261005T112802Z_12756_mumps_blr.log
2026-10-05T13:34:13.907421+00:00 Worker PID 19196 still running; elapsed 126.2 minutes; log C:\Users\LEGION\Documents\GitHub\mechanics\plate_main\p1_data_five\hf_followup_20261003\resume3408_mesh2\worker_logs\run_3408_20261005T112802Z_12756_mumps_blr.log
2026-10-05T13:35:14.029024+00:00 Worker PID 19196 still running; elapsed 127.2 minutes; log C:\Users\LEGION\Documents\GitHub\mechanics\plate_main\p1_data_five\hf_followup_20261003\resume3408_mesh2\worker_logs\run_3408_20261005T112802Z_12756_mumps_blr.log
2026-10-05T13:36:14.113761+00:00 Worker PID 19196 still running; elapsed 128.2 minutes; log C:\Users\LEGION\Documents\GitHub\mechanics\plate_main\p1_data_five\hf_followup_20261003\resume3408_mesh2\worker_logs\run_3408_20261005T112802Z_12756_mumps_blr.log
2026-10-05T13:37:14.210704+00:00 Worker PID 19196 still running; elapsed 129.2 minutes; log C:\Users\LEGION\Documents\GitHub\mechanics\plate_main\p1_data_five\hf_followup_20261003\resume3408_mesh2\worker_logs\run_3408_20261005T112802Z_12756_mumps_blr.log
2026-10-05T13:38:14.309071+00:00 Worker PID 19196 still running; elapsed 130.2 minutes; log C:\Users\LEGION\Documents\GitHub\mechanics\plate_main\p1_data_five\hf_followup_20261003\resume3408_mesh2\worker_logs\run_3408_20261005T112802Z_12756_mumps_blr.log
2026-10-05T13:39:14.413526+00:00 Worker PID 19196 still running; elapsed 131.2 minutes; log C:\Users\LEGION\Documents\GitHub\mechanics\plate_main\p1_data_five\hf_followup_20261003\resume3408_mesh2\worker_logs\run_3408_20261005T112802Z_12756_mumps_blr.log
2026-10-05T13:40:14.522609+00:00 Worker PID 19196 still running; elapsed 132.2 minutes; log C:\Users\LEGION\Documents\GitHub\mechanics\plate_main\p1_data_five\hf_followup_20261003\resume3408_mesh2\worker_logs\run_3408_20261005T112802Z_12756_mumps_blr.log
2026-10-05T13:41:14.642943+00:00 Worker PID 19196 still running; elapsed 133.2 minutes; log C:\Users\LEGION\Documents\GitHub\mechanics\plate_main\p1_data_five\hf_followup_20261003\resume3408_mesh2\worker_logs\run_3408_20261005T112802Z_12756_mumps_blr.log
2026-10-05T13:42:14.700217+00:00 Worker PID 19196 still running; elapsed 134.2 minutes; log C:\Users\LEGION\Documents\GitHub\mechanics\plate_main\p1_data_five\hf_followup_20261003\resume3408_mesh2\worker_logs\run_3408_20261005T112802Z_12756_mumps_blr.log
2026-10-05T13:43:14.793113+00:00 Worker PID 19196 still running; elapsed 135.2 minutes; log C:\Users\LEGION\Documents\GitHub\mechanics\plate_main\p1_data_five\hf_followup_20261003\resume3408_mesh2\worker_logs\run_3408_20261005T112802Z_12756_mumps_blr.log
2026-10-05T13:44:14.905241+00:00 Worker PID 19196 still running; elapsed 136.2 minutes; log C:\Users\LEGION\Documents\GitHub\mechanics\plate_main\p1_data_five\hf_followup_20261003\resume3408_mesh2\worker_logs\run_3408_20261005T112802Z_12756_mumps_blr.log
2026-10-05T13:45:15.020346+00:00 Worker PID 19196 still running; elapsed 137.2 minutes; log C:\Users\LEGION\Documents\GitHub\mechanics\plate_main\p1_data_five\hf_followup_20261003\resume3408_mesh2\worker_logs\run_3408_20261005T112802Z_12756_mumps_blr.log
2026-10-05T13:46:15.133348+00:00 Worker PID 19196 still running; elapsed 138.2 minutes; log C:\Users\LEGION\Documents\GitHub\mechanics\plate_main\p1_data_five\hf_followup_20261003\resume3408_mesh2\worker_logs\run_3408_20261005T112802Z_12756_mumps_blr.log
2026-10-05T13:47:15.224805+00:00 Worker PID 19196 still running; elapsed 139.2 minutes; log C:\Users\LEGION\Documents\GitHub\mechanics\plate_main\p1_data_five\hf_followup_20261003\resume3408_mesh2\worker_logs\run_3408_20261005T112802Z_12756_mumps_blr.log
2026-10-05T13:48:15.326131+00:00 Worker PID 19196 still running; elapsed 140.2 minutes; log C:\Users\LEGION\Documents\GitHub\mechanics\plate_main\p1_data_five\hf_followup_20261003\resume3408_mesh2\worker_logs\run_3408_20261005T112802Z_12756_mumps_blr.log
2026-10-05T13:49:15.455775+00:00 Worker PID 19196 still running; elapsed 141.2 minutes; log C:\Users\LEGION\Documents\GitHub\mechanics\plate_main\p1_data_five\hf_followup_20261003\resume3408_mesh2\worker_logs\run_3408_20261005T112802Z_12756_mumps_blr.log
2026-10-05T13:50:15.555591+00:00 Worker PID 19196 still running; elapsed 142.2 minutes; log C:\Users\LEGION\Documents\GitHub\mechanics\plate_main\p1_data_five\hf_followup_20261003\resume3408_mesh2\worker_logs\run_3408_20261005T112802Z_12756_mumps_blr.log
2026-10-05T13:51:15.635441+00:00 Worker PID 19196 still running; elapsed 143.2 minutes; log C:\Users\LEGION\Documents\GitHub\mechanics\plate_main\p1_data_five\hf_followup_20261003\resume3408_mesh2\worker_logs\run_3408_20261005T112802Z_12756_mumps_blr.log
2026-10-05T13:52:15.739367+00:00 Worker PID 19196 still running; elapsed 144.2 minutes; log C:\Users\LEGION\Documents\GitHub\mechanics\plate_main\p1_data_five\hf_followup_20261003\resume3408_mesh2\worker_logs\run_3408_20261005T112802Z_12756_mumps_blr.log
2026-10-05T13:53:15.842320+00:00 Worker PID 19196 still running; elapsed 145.2 minutes; log C:\Users\LEGION\Documents\GitHub\mechanics\plate_main\p1_data_five\hf_followup_20261003\resume3408_mesh2\worker_logs\run_3408_20261005T112802Z_12756_mumps_blr.log
2026-10-05T13:54:15.943021+00:00 Worker PID 19196 still running; elapsed 146.2 minutes; log C:\Users\LEGION\Documents\GitHub\mechanics\plate_main\p1_data_five\hf_followup_20261003\resume3408_mesh2\worker_logs\run_3408_20261005T112802Z_12756_mumps_blr.log
2026-10-05T13:55:16.018565+00:00 Worker PID 19196 still running; elapsed 147.2 minutes; log C:\Users\LEGION\Documents\GitHub\mechanics\plate_main\p1_data_five\hf_followup_20261003\resume3408_mesh2\worker_logs\run_3408_20261005T112802Z_12756_mumps_blr.log
2026-10-05T13:56:16.105986+00:00 Worker PID 19196 still running; elapsed 148.2 minutes; log C:\Users\LEGION\Documents\GitHub\mechanics\plate_main\p1_data_five\hf_followup_20261003\resume3408_mesh2\worker_logs\run_3408_20261005T112802Z_12756_mumps_blr.log
2026-10-05T13:57:16.195065+00:00 Worker PID 19196 still running; elapsed 149.2 minutes; log C:\Users\LEGION\Documents\GitHub\mechanics\plate_main\p1_data_five\hf_followup_20261003\resume3408_mesh2\worker_logs\run_3408_20261005T112802Z_12756_mumps_blr.log
2026-10-05T13:58:16.271644+00:00 Worker PID 19196 still running; elapsed 150.2 minutes; log C:\Users\LEGION\Documents\GitHub\mechanics\plate_main\p1_data_five\hf_followup_20261003\resume3408_mesh2\worker_logs\run_3408_20261005T112802Z_12756_mumps_blr.log
2026-10-05T13:59:16.400658+00:00 Worker PID 19196 still running; elapsed 151.2 minutes; log C:\Users\LEGION\Documents\GitHub\mechanics\plate_main\p1_data_five\hf_followup_20261003\resume3408_mesh2\worker_logs\run_3408_20261005T112802Z_12756_mumps_blr.log
2026-10-05T14:00:16.490905+00:00 Worker PID 19196 still running; elapsed 152.2 minutes; log C:\Users\LEGION\Documents\GitHub\mechanics\plate_main\p1_data_five\hf_followup_20261003\resume3408_mesh2\worker_logs\run_3408_20261005T112802Z_12756_mumps_blr.log
2026-10-05T14:01:16.601608+00:00 Worker PID 19196 still running; elapsed 153.2 minutes; log C:\Users\LEGION\Documents\GitHub\mechanics\plate_main\p1_data_five\hf_followup_20261003\resume3408_mesh2\worker_logs\run_3408_20261005T112802Z_12756_mumps_blr.log
2026-10-05T14:02:16.690287+00:00 Worker PID 19196 still running; elapsed 154.2 minutes; log C:\Users\LEGION\Documents\GitHub\mechanics\plate_main\p1_data_five\hf_followup_20261003\resume3408_mesh2\worker_logs\run_3408_20261005T112802Z_12756_mumps_blr.log
2026-10-05T14:03:16.799229+00:00 Worker PID 19196 still running; elapsed 155.2 minutes; log C:\Users\LEGION\Documents\GitHub\mechanics\plate_main\p1_data_five\hf_followup_20261003\resume3408_mesh2\worker_logs\run_3408_20261005T112802Z_12756_mumps_blr.log
2026-10-05T14:04:16.869941+00:00 Worker PID 19196 still running; elapsed 156.2 minutes; log C:\Users\LEGION\Documents\GitHub\mechanics\plate_main\p1_data_five\hf_followup_20261003\resume3408_mesh2\worker_logs\run_3408_20261005T112802Z_12756_mumps_blr.log
2026-10-05T14:05:16.968514+00:00 Worker PID 19196 still running; elapsed 157.2 minutes; log C:\Users\LEGION\Documents\GitHub\mechanics\plate_main\p1_data_five\hf_followup_20261003\resume3408_mesh2\worker_logs\run_3408_20261005T112802Z_12756_mumps_blr.log
2026-10-05T14:06:17.067792+00:00 Worker PID 19196 still running; elapsed 158.2 minutes; log C:\Users\LEGION\Documents\GitHub\mechanics\plate_main\p1_data_five\hf_followup_20261003\resume3408_mesh2\worker_logs\run_3408_20261005T112802Z_12756_mumps_blr.log
2026-10-05T14:07:17.161191+00:00 Worker PID 19196 still running; elapsed 159.3 minutes; log C:\Users\LEGION\Documents\GitHub\mechanics\plate_main\p1_data_five\hf_followup_20261003\resume3408_mesh2\worker_logs\run_3408_20261005T112802Z_12756_mumps_blr.log
2026-10-05T14:08:17.257274+00:00 Worker PID 19196 still running; elapsed 160.3 minutes; log C:\Users\LEGION\Documents\GitHub\mechanics\plate_main\p1_data_five\hf_followup_20261003\resume3408_mesh2\worker_logs\run_3408_20261005T112802Z_12756_mumps_blr.log
2026-10-05T14:09:17.356878+00:00 Worker PID 19196 still running; elapsed 161.3 minutes; log C:\Users\LEGION\Documents\GitHub\mechanics\plate_main\p1_data_five\hf_followup_20261003\resume3408_mesh2\worker_logs\run_3408_20261005T112802Z_12756_mumps_blr.log
2026-10-05T14:10:17.448049+00:00 Worker PID 19196 still running; elapsed 162.3 minutes; log C:\Users\LEGION\Documents\GitHub\mechanics\plate_main\p1_data_five\hf_followup_20261003\resume3408_mesh2\worker_logs\run_3408_20261005T112802Z_12756_mumps_blr.log
2026-10-05T14:11:17.548987+00:00 Worker PID 19196 still running; elapsed 163.3 minutes; log C:\Users\LEGION\Documents\GitHub\mechanics\plate_main\p1_data_five\hf_followup_20261003\resume3408_mesh2\worker_logs\run_3408_20261005T112802Z_12756_mumps_blr.log
2026-10-05T14:12:17.641376+00:00 Worker PID 19196 still running; elapsed 164.3 minutes; log C:\Users\LEGION\Documents\GitHub\mechanics\plate_main\p1_data_five\hf_followup_20261003\resume3408_mesh2\worker_logs\run_3408_20261005T112802Z_12756_mumps_blr.log
2026-10-05T14:13:17.756452+00:00 Worker PID 19196 still running; elapsed 165.3 minutes; log C:\Users\LEGION\Documents\GitHub\mechanics\plate_main\p1_data_five\hf_followup_20261003\resume3408_mesh2\worker_logs\run_3408_20261005T112802Z_12756_mumps_blr.log
2026-10-05T14:14:17.840713+00:00 Worker PID 19196 still running; elapsed 166.3 minutes; log C:\Users\LEGION\Documents\GitHub\mechanics\plate_main\p1_data_five\hf_followup_20261003\resume3408_mesh2\worker_logs\run_3408_20261005T112802Z_12756_mumps_blr.log
2026-10-05T14:15:17.940320+00:00 Worker PID 19196 still running; elapsed 167.3 minutes; log C:\Users\LEGION\Documents\GitHub\mechanics\plate_main\p1_data_five\hf_followup_20261003\resume3408_mesh2\worker_logs\run_3408_20261005T112802Z_12756_mumps_blr.log
2026-10-05T14:16:18.060170+00:00 Worker PID 19196 still running; elapsed 168.3 minutes; log C:\Users\LEGION\Documents\GitHub\mechanics\plate_main\p1_data_five\hf_followup_20261003\resume3408_mesh2\worker_logs\run_3408_20261005T112802Z_12756_mumps_blr.log
2026-10-05T14:17:18.136167+00:00 Worker PID 19196 still running; elapsed 169.3 minutes; log C:\Users\LEGION\Documents\GitHub\mechanics\plate_main\p1_data_five\hf_followup_20261003\resume3408_mesh2\worker_logs\run_3408_20261005T112802Z_12756_mumps_blr.log
2026-10-05T14:18:18.234469+00:00 Worker PID 19196 still running; elapsed 170.3 minutes; log C:\Users\LEGION\Documents\GitHub\mechanics\plate_main\p1_data_five\hf_followup_20261003\resume3408_mesh2\worker_logs\run_3408_20261005T112802Z_12756_mumps_blr.log
2026-10-05T14:19:18.324097+00:00 Worker PID 19196 still running; elapsed 171.3 minutes; log C:\Users\LEGION\Documents\GitHub\mechanics\plate_main\p1_data_five\hf_followup_20261003\resume3408_mesh2\worker_logs\run_3408_20261005T112802Z_12756_mumps_blr.log
2026-10-05T14:20:18.400321+00:00 Worker PID 19196 still running; elapsed 172.3 minutes; log C:\Users\LEGION\Documents\GitHub\mechanics\plate_main\p1_data_five\hf_followup_20261003\resume3408_mesh2\worker_logs\run_3408_20261005T112802Z_12756_mumps_blr.log
2026-10-05T14:21:18.503565+00:00 Worker PID 19196 still running; elapsed 173.3 minutes; log C:\Users\LEGION\Documents\GitHub\mechanics\plate_main\p1_data_five\hf_followup_20261003\resume3408_mesh2\worker_logs\run_3408_20261005T112802Z_12756_mumps_blr.log
2026-10-05T14:22:18.605939+00:00 Worker PID 19196 still running; elapsed 174.3 minutes; log C:\Users\LEGION\Documents\GitHub\mechanics\plate_main\p1_data_five\hf_followup_20261003\resume3408_mesh2\worker_logs\run_3408_20261005T112802Z_12756_mumps_blr.log
2026-10-05T14:23:18.717747+00:00 Worker PID 19196 still running; elapsed 175.3 minutes; log C:\Users\LEGION\Documents\GitHub\mechanics\plate_main\p1_data_five\hf_followup_20261003\resume3408_mesh2\worker_logs\run_3408_20261005T112802Z_12756_mumps_blr.log
2026-10-05T14:24:18.788631+00:00 Worker PID 19196 still running; elapsed 176.3 minutes; log C:\Users\LEGION\Documents\GitHub\mechanics\plate_main\p1_data_five\hf_followup_20261003\resume3408_mesh2\worker_logs\run_3408_20261005T112802Z_12756_mumps_blr.log
2026-10-05T14:25:18.878971+00:00 Worker PID 19196 still running; elapsed 177.3 minutes; log C:\Users\LEGION\Documents\GitHub\mechanics\plate_main\p1_data_five\hf_followup_20261003\resume3408_mesh2\worker_logs\run_3408_20261005T112802Z_12756_mumps_blr.log
2026-10-05T14:26:18.984323+00:00 Worker PID 19196 still running; elapsed 178.3 minutes; log C:\Users\LEGION\Documents\GitHub\mechanics\plate_main\p1_data_five\hf_followup_20261003\resume3408_mesh2\worker_logs\run_3408_20261005T112802Z_12756_mumps_blr.log
2026-10-05T14:27:19.080491+00:00 Worker PID 19196 still running; elapsed 179.3 minutes; log C:\Users\LEGION\Documents\GitHub\mechanics\plate_main\p1_data_five\hf_followup_20261003\resume3408_mesh2\worker_logs\run_3408_20261005T112802Z_12756_mumps_blr.log
2026-10-05T14:28:19.213091+00:00 Worker PID 19196 still running; elapsed 180.3 minutes; log C:\Users\LEGION\Documents\GitHub\mechanics\plate_main\p1_data_five\hf_followup_20261003\resume3408_mesh2\worker_logs\run_3408_20261005T112802Z_12756_mumps_blr.log
2026-10-05T14:29:19.348884+00:00 Worker PID 19196 still running; elapsed 181.3 minutes; log C:\Users\LEGION\Documents\GitHub\mechanics\plate_main\p1_data_five\hf_followup_20261003\resume3408_mesh2\worker_logs\run_3408_20261005T112802Z_12756_mumps_blr.log
2026-10-05T14:30:19.463233+00:00 Worker PID 19196 still running; elapsed 182.3 minutes; log C:\Users\LEGION\Documents\GitHub\mechanics\plate_main\p1_data_five\hf_followup_20261003\resume3408_mesh2\worker_logs\run_3408_20261005T112802Z_12756_mumps_blr.log
2026-10-05T14:31:19.552484+00:00 Worker PID 19196 still running; elapsed 183.3 minutes; log C:\Users\LEGION\Documents\GitHub\mechanics\plate_main\p1_data_five\hf_followup_20261003\resume3408_mesh2\worker_logs\run_3408_20261005T112802Z_12756_mumps_blr.log
2026-10-05T14:32:19.686531+00:00 Worker PID 19196 still running; elapsed 184.3 minutes; log C:\Users\LEGION\Documents\GitHub\mechanics\plate_main\p1_data_five\hf_followup_20261003\resume3408_mesh2\worker_logs\run_3408_20261005T112802Z_12756_mumps_blr.log
2026-10-05T14:33:19.794525+00:00 Worker PID 19196 still running; elapsed 185.3 minutes; log C:\Users\LEGION\Documents\GitHub\mechanics\plate_main\p1_data_five\hf_followup_20261003\resume3408_mesh2\worker_logs\run_3408_20261005T112802Z_12756_mumps_blr.log
2026-10-05T14:34:19.860725+00:00 Worker PID 19196 still running; elapsed 186.3 minutes; log C:\Users\LEGION\Documents\GitHub\mechanics\plate_main\p1_data_five\hf_followup_20261003\resume3408_mesh2\worker_logs\run_3408_20261005T112802Z_12756_mumps_blr.log
2026-10-05T14:35:19.973368+00:00 Worker PID 19196 still running; elapsed 187.3 minutes; log C:\Users\LEGION\Documents\GitHub\mechanics\plate_main\p1_data_five\hf_followup_20261003\resume3408_mesh2\worker_logs\run_3408_20261005T112802Z_12756_mumps_blr.log
