Worker run 3408: process attempt 1/1
Worker-owned temporary directory: D:\p1_hf_abppe2mn
Worker PID 13540; durable log: C:\Users\LEGION\Documents\GitHub\mechanics\plate_main\p1_data_five\hf_followup_20261003\resume3408_mesh2\worker_logs\run_3408_20261004T094532Z_2152_attempt1.log
2026-10-04T09:46:32.252769+00:00 Worker PID 13540 still running; elapsed 1.0 minutes; log C:\Users\LEGION\Documents\GitHub\mechanics\plate_main\p1_data_five\hf_followup_20261003\resume3408_mesh2\worker_logs\run_3408_20261004T094532Z_2152_attempt1.log
2026-10-04T09:47:32.330377+00:00 Worker PID 13540 still running; elapsed 2.0 minutes; log C:\Users\LEGION\Documents\GitHub\mechanics\plate_main\p1_data_five\hf_followup_20261003\resume3408_mesh2\worker_logs\run_3408_20261004T094532Z_2152_attempt1.log
2026-10-04T09:48:32.429745+00:00 Worker PID 13540 still running; elapsed 3.0 minutes; log C:\Users\LEGION\Documents\GitHub\mechanics\plate_main\p1_data_five\hf_followup_20261003\resume3408_mesh2\worker_logs\run_3408_20261004T094532Z_2152_attempt1.log
2026-10-04T09:49:32.521472+00:00 Worker PID 13540 still running; elapsed 4.0 minutes; log C:\Users\LEGION\Documents\GitHub\mechanics\plate_main\p1_data_five\hf_followup_20261003\resume3408_mesh2\worker_logs\run_3408_20261004T094532Z_2152_attempt1.log
2026-10-04T09:50:32.621622+00:00 Worker PID 13540 still running; elapsed 5.0 minutes; log C:\Users\LEGION\Documents\GitHub\mechanics\plate_main\p1_data_five\hf_followup_20261003\resume3408_mesh2\worker_logs\run_3408_20261004T094532Z_2152_attempt1.log
2026-10-04T09:51:32.687430+00:00 Worker PID 13540 still running; elapsed 6.0 minutes; log C:\Users\LEGION\Documents\GitHub\mechanics\plate_main\p1_data_five\hf_followup_20261003\resume3408_mesh2\worker_logs\run_3408_20261004T094532Z_2152_attempt1.log
2026-10-04T09:52:32.789396+00:00 Worker PID 13540 still running; elapsed 7.0 minutes; log C:\Users\LEGION\Documents\GitHub\mechanics\plate_main\p1_data_five\hf_followup_20261003\resume3408_mesh2\worker_logs\run_3408_20261004T094532Z_2152_attempt1.log
2026-10-04T09:53:32.885416+00:00 Worker PID 13540 still running; elapsed 8.0 minutes; log C:\Users\LEGION\Documents\GitHub\mechanics\plate_main\p1_data_five\hf_followup_20261003\resume3408_mesh2\worker_logs\run_3408_20261004T094532Z_2152_attempt1.log
2026-10-04T09:54:32.951987+00:00 Worker PID 13540 still running; elapsed 9.0 minutes; log C:\Users\LEGION\Documents\GitHub\mechanics\plate_main\p1_data_five\hf_followup_20261003\resume3408_mesh2\worker_logs\run_3408_20261004T094532Z_2152_attempt1.log
2026-10-04T09:55:33.063084+00:00 Worker PID 13540 still running; elapsed 10.0 minutes; log C:\Users\LEGION\Documents\GitHub\mechanics\plate_main\p1_data_five\hf_followup_20261003\resume3408_mesh2\worker_logs\run_3408_20261004T094532Z_2152_attempt1.log
2026-10-04T09:56:33.142520+00:00 Worker PID 13540 still running; elapsed 11.0 minutes; log C:\Users\LEGION\Documents\GitHub\mechanics\plate_main\p1_data_five\hf_followup_20261003\resume3408_mesh2\worker_logs\run_3408_20261004T094532Z_2152_attempt1.log
2026-10-04T09:57:33.234492+00:00 Worker PID 13540 still running; elapsed 12.0 minutes; log C:\Users\LEGION\Documents\GitHub\mechanics\plate_main\p1_data_five\hf_followup_20261003\resume3408_mesh2\worker_logs\run_3408_20261004T094532Z_2152_attempt1.log
2026-10-04T09:58:33.318224+00:00 Worker PID 13540 still running; elapsed 13.0 minutes; log C:\Users\LEGION\Documents\GitHub\mechanics\plate_main\p1_data_five\hf_followup_20261003\resume3408_mesh2\worker_logs\run_3408_20261004T094532Z_2152_attempt1.log
2026-10-04T09:59:33.388213+00:00 Worker PID 13540 still running; elapsed 14.0 minutes; log C:\Users\LEGION\Documents\GitHub\mechanics\plate_main\p1_data_five\hf_followup_20261003\resume3408_mesh2\worker_logs\run_3408_20261004T094532Z_2152_attempt1.log
2026-10-04T10:00:33.489859+00:00 Worker PID 13540 still running; elapsed 15.0 minutes; log C:\Users\LEGION\Documents\GitHub\mechanics\plate_main\p1_data_five\hf_followup_20261003\resume3408_mesh2\worker_logs\run_3408_20261004T094532Z_2152_attempt1.log
2026-10-04T10:01:33.581416+00:00 Worker PID 13540 still running; elapsed 16.0 minutes; log C:\Users\LEGION\Documents\GitHub\mechanics\plate_main\p1_data_five\hf_followup_20261003\resume3408_mesh2\worker_logs\run_3408_20261004T094532Z_2152_attempt1.log
2026-10-04T10:02:33.671601+00:00 Worker PID 13540 still running; elapsed 17.0 minutes; log C:\Users\LEGION\Documents\GitHub\mechanics\plate_main\p1_data_five\hf_followup_20261003\resume3408_mesh2\worker_logs\run_3408_20261004T094532Z_2152_attempt1.log
2026-10-04T10:03:33.781367+00:00 Worker PID 13540 still running; elapsed 18.0 minutes; log C:\Users\LEGION\Documents\GitHub\mechanics\plate_main\p1_data_five\hf_followup_20261003\resume3408_mesh2\worker_logs\run_3408_20261004T094532Z_2152_attempt1.log
2026-10-04T10:04:33.900433+00:00 Worker PID 13540 still running; elapsed 19.0 minutes; log C:\Users\LEGION\Documents\GitHub\mechanics\plate_main\p1_data_five\hf_followup_20261003\resume3408_mesh2\worker_logs\run_3408_20261004T094532Z_2152_attempt1.log
2026-10-04T10:05:33.996895+00:00 Worker PID 13540 still running; elapsed 20.0 minutes; log C:\Users\LEGION\Documents\GitHub\mechanics\plate_main\p1_data_five\hf_followup_20261003\resume3408_mesh2\worker_logs\run_3408_20261004T094532Z_2152_attempt1.log
2026-10-04T10:06:34.087526+00:00 Worker PID 13540 still running; elapsed 21.0 minutes; log C:\Users\LEGION\Documents\GitHub\mechanics\plate_main\p1_data_five\hf_followup_20261003\resume3408_mesh2\worker_logs\run_3408_20261004T094532Z_2152_attempt1.log
2026-10-04T10:07:34.155595+00:00 Worker PID 13540 still running; elapsed 22.0 minutes; log C:\Users\LEGION\Documents\GitHub\mechanics\plate_main\p1_data_five\hf_followup_20261003\resume3408_mesh2\worker_logs\run_3408_20261004T094532Z_2152_attempt1.log
2026-10-04T10:08:34.243164+00:00 Worker PID 13540 still running; elapsed 23.0 minutes; log C:\Users\LEGION\Documents\GitHub\mechanics\plate_main\p1_data_five\hf_followup_20261003\resume3408_mesh2\worker_logs\run_3408_20261004T094532Z_2152_attempt1.log
2026-10-04T10:09:34.362851+00:00 Worker PID 13540 still running; elapsed 24.0 minutes; log C:\Users\LEGION\Documents\GitHub\mechanics\plate_main\p1_data_five\hf_followup_20261003\resume3408_mesh2\worker_logs\run_3408_20261004T094532Z_2152_attempt1.log
2026-10-04T10:10:34.471608+00:00 Worker PID 13540 still running; elapsed 25.0 minutes; log C:\Users\LEGION\Documents\GitHub\mechanics\plate_main\p1_data_five\hf_followup_20261003\resume3408_mesh2\worker_logs\run_3408_20261004T094532Z_2152_attempt1.log
2026-10-04T10:11:34.564271+00:00 Worker PID 13540 still running; elapsed 26.0 minutes; log C:\Users\LEGION\Documents\GitHub\mechanics\plate_main\p1_data_five\hf_followup_20261003\resume3408_mesh2\worker_logs\run_3408_20261004T094532Z_2152_attempt1.log
2026-10-04T10:12:34.664634+00:00 Worker PID 13540 still running; elapsed 27.0 minutes; log C:\Users\LEGION\Documents\GitHub\mechanics\plate_main\p1_data_five\hf_followup_20261003\resume3408_mesh2\worker_logs\run_3408_20261004T094532Z_2152_attempt1.log
2026-10-04T10:13:34.753380+00:00 Worker PID 13540 still running; elapsed 28.0 minutes; log C:\Users\LEGION\Documents\GitHub\mechanics\plate_main\p1_data_five\hf_followup_20261003\resume3408_mesh2\worker_logs\run_3408_20261004T094532Z_2152_attempt1.log
2026-10-04T10:14:34.824705+00:00 Worker PID 13540 still running; elapsed 29.0 minutes; log C:\Users\LEGION\Documents\GitHub\mechanics\plate_main\p1_data_five\hf_followup_20261003\resume3408_mesh2\worker_logs\run_3408_20261004T094532Z_2152_attempt1.log
2026-10-04T10:15:34.918621+00:00 Worker PID 13540 still running; elapsed 30.0 minutes; log C:\Users\LEGION\Documents\GitHub\mechanics\plate_main\p1_data_five\hf_followup_20261003\resume3408_mesh2\worker_logs\run_3408_20261004T094532Z_2152_attempt1.log
2026-10-04T10:16:35.020341+00:00 Worker PID 13540 still running; elapsed 31.0 minutes; log C:\Users\LEGION\Documents\GitHub\mechanics\plate_main\p1_data_five\hf_followup_20261003\resume3408_mesh2\worker_logs\run_3408_20261004T094532Z_2152_attempt1.log
2026-10-04T10:17:35.123969+00:00 Worker PID 13540 still running; elapsed 32.0 minutes; log C:\Users\LEGION\Documents\GitHub\mechanics\plate_main\p1_data_five\hf_followup_20261003\resume3408_mesh2\worker_logs\run_3408_20261004T094532Z_2152_attempt1.log
2026-10-04T10:18:35.223383+00:00 Worker PID 13540 still running; elapsed 33.1 minutes; log C:\Users\LEGION\Documents\GitHub\mechanics\plate_main\p1_data_five\hf_followup_20261003\resume3408_mesh2\worker_logs\run_3408_20261004T094532Z_2152_attempt1.log
2026-10-04T10:19:35.306713+00:00 Worker PID 13540 still running; elapsed 34.1 minutes; log C:\Users\LEGION\Documents\GitHub\mechanics\plate_main\p1_data_five\hf_followup_20261003\resume3408_mesh2\worker_logs\run_3408_20261004T094532Z_2152_attempt1.log
2026-10-04T10:20:35.425707+00:00 Worker PID 13540 still running; elapsed 35.1 minutes; log C:\Users\LEGION\Documents\GitHub\mechanics\plate_main\p1_data_five\hf_followup_20261003\resume3408_mesh2\worker_logs\run_3408_20261004T094532Z_2152_attempt1.log
2026-10-04T10:21:35.537619+00:00 Worker PID 13540 still running; elapsed 36.1 minutes; log C:\Users\LEGION\Documents\GitHub\mechanics\plate_main\p1_data_five\hf_followup_20261003\resume3408_mesh2\worker_logs\run_3408_20261004T094532Z_2152_attempt1.log
2026-10-04T10:22:35.619686+00:00 Worker PID 13540 still running; elapsed 37.1 minutes; log C:\Users\LEGION\Documents\GitHub\mechanics\plate_main\p1_data_five\hf_followup_20261003\resume3408_mesh2\worker_logs\run_3408_20261004T094532Z_2152_attempt1.log
2026-10-04T10:23:35.711154+00:00 Worker PID 13540 still running; elapsed 38.1 minutes; log C:\Users\LEGION\Documents\GitHub\mechanics\plate_main\p1_data_five\hf_followup_20261003\resume3408_mesh2\worker_logs\run_3408_20261004T094532Z_2152_attempt1.log
2026-10-04T10:24:35.812542+00:00 Worker PID 13540 still running; elapsed 39.1 minutes; log C:\Users\LEGION\Documents\GitHub\mechanics\plate_main\p1_data_five\hf_followup_20261003\resume3408_mesh2\worker_logs\run_3408_20261004T094532Z_2152_attempt1.log
2026-10-04T10:25:35.918764+00:00 Worker PID 13540 still running; elapsed 40.1 minutes; log C:\Users\LEGION\Documents\GitHub\mechanics\plate_main\p1_data_five\hf_followup_20261003\resume3408_mesh2\worker_logs\run_3408_20261004T094532Z_2152_attempt1.log
2026-10-04T10:26:36.002822+00:00 Worker PID 13540 still running; elapsed 41.1 minutes; log C:\Users\LEGION\Documents\GitHub\mechanics\plate_main\p1_data_five\hf_followup_20261003\resume3408_mesh2\worker_logs\run_3408_20261004T094532Z_2152_attempt1.log
2026-10-04T10:27:36.086574+00:00 Worker PID 13540 still running; elapsed 42.1 minutes; log C:\Users\LEGION\Documents\GitHub\mechanics\plate_main\p1_data_five\hf_followup_20261003\resume3408_mesh2\worker_logs\run_3408_20261004T094532Z_2152_attempt1.log
2026-10-04T10:28:36.198869+00:00 Worker PID 13540 still running; elapsed 43.1 minutes; log C:\Users\LEGION\Documents\GitHub\mechanics\plate_main\p1_data_five\hf_followup_20261003\resume3408_mesh2\worker_logs\run_3408_20261004T094532Z_2152_attempt1.log
2026-10-04T10:29:36.286748+00:00 Worker PID 13540 still running; elapsed 44.1 minutes; log C:\Users\LEGION\Documents\GitHub\mechanics\plate_main\p1_data_five\hf_followup_20261003\resume3408_mesh2\worker_logs\run_3408_20261004T094532Z_2152_attempt1.log
2026-10-04T10:30:36.372581+00:00 Worker PID 13540 still running; elapsed 45.1 minutes; log C:\Users\LEGION\Documents\GitHub\mechanics\plate_main\p1_data_five\hf_followup_20261003\resume3408_mesh2\worker_logs\run_3408_20261004T094532Z_2152_attempt1.log
2026-10-04T10:31:36.463678+00:00 Worker PID 13540 still running; elapsed 46.1 minutes; log C:\Users\LEGION\Documents\GitHub\mechanics\plate_main\p1_data_five\hf_followup_20261003\resume3408_mesh2\worker_logs\run_3408_20261004T094532Z_2152_attempt1.log
2026-10-04T10:32:36.563879+00:00 Worker PID 13540 still running; elapsed 47.1 minutes; log C:\Users\LEGION\Documents\GitHub\mechanics\plate_main\p1_data_five\hf_followup_20261003\resume3408_mesh2\worker_logs\run_3408_20261004T094532Z_2152_attempt1.log
2026-10-04T10:33:36.643162+00:00 Worker PID 13540 still running; elapsed 48.1 minutes; log C:\Users\LEGION\Documents\GitHub\mechanics\plate_main\p1_data_five\hf_followup_20261003\resume3408_mesh2\worker_logs\run_3408_20261004T094532Z_2152_attempt1.log
2026-10-04T10:34:36.763583+00:00 Worker PID 13540 still running; elapsed 49.1 minutes; log C:\Users\LEGION\Documents\GitHub\mechanics\plate_main\p1_data_five\hf_followup_20261003\resume3408_mesh2\worker_logs\run_3408_20261004T094532Z_2152_attempt1.log
2026-10-04T10:35:36.860936+00:00 Worker PID 13540 still running; elapsed 50.1 minutes; log C:\Users\LEGION\Documents\GitHub\mechanics\plate_main\p1_data_five\hf_followup_20261003\resume3408_mesh2\worker_logs\run_3408_20261004T094532Z_2152_attempt1.log
2026-10-04T10:36:36.960613+00:00 Worker PID 13540 still running; elapsed 51.1 minutes; log C:\Users\LEGION\Documents\GitHub\mechanics\plate_main\p1_data_five\hf_followup_20261003\resume3408_mesh2\worker_logs\run_3408_20261004T094532Z_2152_attempt1.log
2026-10-04T10:37:37.056456+00:00 Worker PID 13540 still running; elapsed 52.1 minutes; log C:\Users\LEGION\Documents\GitHub\mechanics\plate_main\p1_data_five\hf_followup_20261003\resume3408_mesh2\worker_logs\run_3408_20261004T094532Z_2152_attempt1.log
2026-10-04T10:38:37.135676+00:00 Worker PID 13540 still running; elapsed 53.1 minutes; log C:\Users\LEGION\Documents\GitHub\mechanics\plate_main\p1_data_five\hf_followup_20261003\resume3408_mesh2\worker_logs\run_3408_20261004T094532Z_2152_attempt1.log
2026-10-04T10:39:37.239788+00:00 Worker PID 13540 still running; elapsed 54.1 minutes; log C:\Users\LEGION\Documents\GitHub\mechanics\plate_main\p1_data_five\hf_followup_20261003\resume3408_mesh2\worker_logs\run_3408_20261004T094532Z_2152_attempt1.log
2026-10-04T10:40:37.329389+00:00 Worker PID 13540 still running; elapsed 55.1 minutes; log C:\Users\LEGION\Documents\GitHub\mechanics\plate_main\p1_data_five\hf_followup_20261003\resume3408_mesh2\worker_logs\run_3408_20261004T094532Z_2152_attempt1.log
2026-10-04T10:41:37.420807+00:00 Worker PID 13540 still running; elapsed 56.1 minutes; log C:\Users\LEGION\Documents\GitHub\mechanics\plate_main\p1_data_five\hf_followup_20261003\resume3408_mesh2\worker_logs\run_3408_20261004T094532Z_2152_attempt1.log
2026-10-04T10:42:37.520399+00:00 Worker PID 13540 still running; elapsed 57.1 minutes; log C:\Users\LEGION\Documents\GitHub\mechanics\plate_main\p1_data_five\hf_followup_20261003\resume3408_mesh2\worker_logs\run_3408_20261004T094532Z_2152_attempt1.log
2026-10-04T10:43:37.611553+00:00 Worker PID 13540 still running; elapsed 58.1 minutes; log C:\Users\LEGION\Documents\GitHub\mechanics\plate_main\p1_data_five\hf_followup_20261003\resume3408_mesh2\worker_logs\run_3408_20261004T094532Z_2152_attempt1.log
2026-10-04T10:44:37.705919+00:00 Worker PID 13540 still running; elapsed 59.1 minutes; log C:\Users\LEGION\Documents\GitHub\mechanics\plate_main\p1_data_five\hf_followup_20261003\resume3408_mesh2\worker_logs\run_3408_20261004T094532Z_2152_attempt1.log
2026-10-04T10:45:37.800811+00:00 Worker PID 13540 still running; elapsed 60.1 minutes; log C:\Users\LEGION\Documents\GitHub\mechanics\plate_main\p1_data_five\hf_followup_20261003\resume3408_mesh2\worker_logs\run_3408_20261004T094532Z_2152_attempt1.log
2026-10-04T10:46:37.892316+00:00 Worker PID 13540 still running; elapsed 61.1 minutes; log C:\Users\LEGION\Documents\GitHub\mechanics\plate_main\p1_data_five\hf_followup_20261003\resume3408_mesh2\worker_logs\run_3408_20261004T094532Z_2152_attempt1.log
2026-10-04T10:47:37.987858+00:00 Worker PID 13540 still running; elapsed 62.1 minutes; log C:\Users\LEGION\Documents\GitHub\mechanics\plate_main\p1_data_five\hf_followup_20261003\resume3408_mesh2\worker_logs\run_3408_20261004T094532Z_2152_attempt1.log
2026-10-04T10:48:38.087885+00:00 Worker PID 13540 still running; elapsed 63.1 minutes; log C:\Users\LEGION\Documents\GitHub\mechanics\plate_main\p1_data_five\hf_followup_20261003\resume3408_mesh2\worker_logs\run_3408_20261004T094532Z_2152_attempt1.log
2026-10-04T10:49:38.189559+00:00 Worker PID 13540 still running; elapsed 64.1 minutes; log C:\Users\LEGION\Documents\GitHub\mechanics\plate_main\p1_data_five\hf_followup_20261003\resume3408_mesh2\worker_logs\run_3408_20261004T094532Z_2152_attempt1.log
2026-10-04T10:50:38.283222+00:00 Worker PID 13540 still running; elapsed 65.1 minutes; log C:\Users\LEGION\Documents\GitHub\mechanics\plate_main\p1_data_five\hf_followup_20261003\resume3408_mesh2\worker_logs\run_3408_20261004T094532Z_2152_attempt1.log
2026-10-04T10:51:38.391945+00:00 Worker PID 13540 still running; elapsed 66.1 minutes; log C:\Users\LEGION\Documents\GitHub\mechanics\plate_main\p1_data_five\hf_followup_20261003\resume3408_mesh2\worker_logs\run_3408_20261004T094532Z_2152_attempt1.log
2026-10-04T10:52:38.478317+00:00 Worker PID 13540 still running; elapsed 67.1 minutes; log C:\Users\LEGION\Documents\GitHub\mechanics\plate_main\p1_data_five\hf_followup_20261003\resume3408_mesh2\worker_logs\run_3408_20261004T094532Z_2152_attempt1.log
2026-10-04T10:53:38.569871+00:00 Worker PID 13540 still running; elapsed 68.1 minutes; log C:\Users\LEGION\Documents\GitHub\mechanics\plate_main\p1_data_five\hf_followup_20261003\resume3408_mesh2\worker_logs\run_3408_20261004T094532Z_2152_attempt1.log
2026-10-04T10:54:38.684562+00:00 Worker PID 13540 still running; elapsed 69.1 minutes; log C:\Users\LEGION\Documents\GitHub\mechanics\plate_main\p1_data_five\hf_followup_20261003\resume3408_mesh2\worker_logs\run_3408_20261004T094532Z_2152_attempt1.log
2026-10-04T10:55:38.783791+00:00 Worker PID 13540 still running; elapsed 70.1 minutes; log C:\Users\LEGION\Documents\GitHub\mechanics\plate_main\p1_data_five\hf_followup_20261003\resume3408_mesh2\worker_logs\run_3408_20261004T094532Z_2152_attempt1.log
2026-10-04T10:56:38.867453+00:00 Worker PID 13540 still running; elapsed 71.1 minutes; log C:\Users\LEGION\Documents\GitHub\mechanics\plate_main\p1_data_five\hf_followup_20261003\resume3408_mesh2\worker_logs\run_3408_20261004T094532Z_2152_attempt1.log
2026-10-04T10:57:38.950434+00:00 Worker PID 13540 still running; elapsed 72.1 minutes; log C:\Users\LEGION\Documents\GitHub\mechanics\plate_main\p1_data_five\hf_followup_20261003\resume3408_mesh2\worker_logs\run_3408_20261004T094532Z_2152_attempt1.log
2026-10-04T10:58:39.034443+00:00 Worker PID 13540 still running; elapsed 73.1 minutes; log C:\Users\LEGION\Documents\GitHub\mechanics\plate_main\p1_data_five\hf_followup_20261003\resume3408_mesh2\worker_logs\run_3408_20261004T094532Z_2152_attempt1.log
2026-10-04T10:59:39.112549+00:00 Worker PID 13540 still running; elapsed 74.1 minutes; log C:\Users\LEGION\Documents\GitHub\mechanics\plate_main\p1_data_five\hf_followup_20261003\resume3408_mesh2\worker_logs\run_3408_20261004T094532Z_2152_attempt1.log
2026-10-04T11:00:39.209187+00:00 Worker PID 13540 still running; elapsed 75.1 minutes; log C:\Users\LEGION\Documents\GitHub\mechanics\plate_main\p1_data_five\hf_followup_20261003\resume3408_mesh2\worker_logs\run_3408_20261004T094532Z_2152_attempt1.log
2026-10-04T11:01:39.294041+00:00 Worker PID 13540 still running; elapsed 76.1 minutes; log C:\Users\LEGION\Documents\GitHub\mechanics\plate_main\p1_data_five\hf_followup_20261003\resume3408_mesh2\worker_logs\run_3408_20261004T094532Z_2152_attempt1.log
2026-10-04T11:02:39.398591+00:00 Worker PID 13540 still running; elapsed 77.1 minutes; log C:\Users\LEGION\Documents\GitHub\mechanics\plate_main\p1_data_five\hf_followup_20261003\resume3408_mesh2\worker_logs\run_3408_20261004T094532Z_2152_attempt1.log
2026-10-04T11:03:39.503678+00:00 Worker PID 13540 still running; elapsed 78.1 minutes; log C:\Users\LEGION\Documents\GitHub\mechanics\plate_main\p1_data_five\hf_followup_20261003\resume3408_mesh2\worker_logs\run_3408_20261004T094532Z_2152_attempt1.log
2026-10-04T11:04:39.598028+00:00 Worker PID 13540 still running; elapsed 79.1 minutes; log C:\Users\LEGION\Documents\GitHub\mechanics\plate_main\p1_data_five\hf_followup_20261003\resume3408_mesh2\worker_logs\run_3408_20261004T094532Z_2152_attempt1.log
2026-10-04T11:05:39.688855+00:00 Worker PID 13540 still running; elapsed 80.1 minutes; log C:\Users\LEGION\Documents\GitHub\mechanics\plate_main\p1_data_five\hf_followup_20261003\resume3408_mesh2\worker_logs\run_3408_20261004T094532Z_2152_attempt1.log
2026-10-04T11:06:39.797163+00:00 Worker PID 13540 still running; elapsed 81.1 minutes; log C:\Users\LEGION\Documents\GitHub\mechanics\plate_main\p1_data_five\hf_followup_20261003\resume3408_mesh2\worker_logs\run_3408_20261004T094532Z_2152_attempt1.log
2026-10-04T11:07:39.915418+00:00 Worker PID 13540 still running; elapsed 82.1 minutes; log C:\Users\LEGION\Documents\GitHub\mechanics\plate_main\p1_data_five\hf_followup_20261003\resume3408_mesh2\worker_logs\run_3408_20261004T094532Z_2152_attempt1.log
2026-10-04T11:08:40.030579+00:00 Worker PID 13540 still running; elapsed 83.1 minutes; log C:\Users\LEGION\Documents\GitHub\mechanics\plate_main\p1_data_five\hf_followup_20261003\resume3408_mesh2\worker_logs\run_3408_20261004T094532Z_2152_attempt1.log
2026-10-04T11:09:40.119604+00:00 Worker PID 13540 still running; elapsed 84.1 minutes; log C:\Users\LEGION\Documents\GitHub\mechanics\plate_main\p1_data_five\hf_followup_20261003\resume3408_mesh2\worker_logs\run_3408_20261004T094532Z_2152_attempt1.log
2026-10-04T11:10:40.217725+00:00 Worker PID 13540 still running; elapsed 85.1 minutes; log C:\Users\LEGION\Documents\GitHub\mechanics\plate_main\p1_data_five\hf_followup_20261003\resume3408_mesh2\worker_logs\run_3408_20261004T094532Z_2152_attempt1.log
2026-10-04T11:11:40.313970+00:00 Worker PID 13540 still running; elapsed 86.1 minutes; log C:\Users\LEGION\Documents\GitHub\mechanics\plate_main\p1_data_five\hf_followup_20261003\resume3408_mesh2\worker_logs\run_3408_20261004T094532Z_2152_attempt1.log
2026-10-04T11:12:40.432521+00:00 Worker PID 13540 still running; elapsed 87.1 minutes; log C:\Users\LEGION\Documents\GitHub\mechanics\plate_main\p1_data_five\hf_followup_20261003\resume3408_mesh2\worker_logs\run_3408_20261004T094532Z_2152_attempt1.log
2026-10-04T11:13:40.547735+00:00 Worker PID 13540 still running; elapsed 88.1 minutes; log C:\Users\LEGION\Documents\GitHub\mechanics\plate_main\p1_data_five\hf_followup_20261003\resume3408_mesh2\worker_logs\run_3408_20261004T094532Z_2152_attempt1.log
2026-10-04T11:14:40.658518+00:00 Worker PID 13540 still running; elapsed 89.1 minutes; log C:\Users\LEGION\Documents\GitHub\mechanics\plate_main\p1_data_five\hf_followup_20261003\resume3408_mesh2\worker_logs\run_3408_20261004T094532Z_2152_attempt1.log
2026-10-04T11:15:40.771863+00:00 Worker PID 13540 still running; elapsed 90.1 minutes; log C:\Users\LEGION\Documents\GitHub\mechanics\plate_main\p1_data_five\hf_followup_20261003\resume3408_mesh2\worker_logs\run_3408_20261004T094532Z_2152_attempt1.log
2026-10-04T11:16:40.882934+00:00 Worker PID 13540 still running; elapsed 91.1 minutes; log C:\Users\LEGION\Documents\GitHub\mechanics\plate_main\p1_data_five\hf_followup_20261003\resume3408_mesh2\worker_logs\run_3408_20261004T094532Z_2152_attempt1.log
2026-10-04T11:17:40.978908+00:00 Worker PID 13540 still running; elapsed 92.1 minutes; log C:\Users\LEGION\Documents\GitHub\mechanics\plate_main\p1_data_five\hf_followup_20261003\resume3408_mesh2\worker_logs\run_3408_20261004T094532Z_2152_attempt1.log
2026-10-04T11:18:41.075382+00:00 Worker PID 13540 still running; elapsed 93.1 minutes; log C:\Users\LEGION\Documents\GitHub\mechanics\plate_main\p1_data_five\hf_followup_20261003\resume3408_mesh2\worker_logs\run_3408_20261004T094532Z_2152_attempt1.log
2026-10-04T11:19:41.151918+00:00 Worker PID 13540 still running; elapsed 94.1 minutes; log C:\Users\LEGION\Documents\GitHub\mechanics\plate_main\p1_data_five\hf_followup_20261003\resume3408_mesh2\worker_logs\run_3408_20261004T094532Z_2152_attempt1.log
2026-10-04T11:20:41.242907+00:00 Worker PID 13540 still running; elapsed 95.2 minutes; log C:\Users\LEGION\Documents\GitHub\mechanics\plate_main\p1_data_five\hf_followup_20261003\resume3408_mesh2\worker_logs\run_3408_20261004T094532Z_2152_attempt1.log
2026-10-04T11:21:41.340945+00:00 Worker PID 13540 still running; elapsed 96.2 minutes; log C:\Users\LEGION\Documents\GitHub\mechanics\plate_main\p1_data_five\hf_followup_20261003\resume3408_mesh2\worker_logs\run_3408_20261004T094532Z_2152_attempt1.log
2026-10-04T11:22:41.440303+00:00 Worker PID 13540 still running; elapsed 97.2 minutes; log C:\Users\LEGION\Documents\GitHub\mechanics\plate_main\p1_data_five\hf_followup_20261003\resume3408_mesh2\worker_logs\run_3408_20261004T094532Z_2152_attempt1.log
2026-10-04T11:23:41.550864+00:00 Worker PID 13540 still running; elapsed 98.2 minutes; log C:\Users\LEGION\Documents\GitHub\mechanics\plate_main\p1_data_five\hf_followup_20261003\resume3408_mesh2\worker_logs\run_3408_20261004T094532Z_2152_attempt1.log
2026-10-04T11:24:41.651438+00:00 Worker PID 13540 still running; elapsed 99.2 minutes; log C:\Users\LEGION\Documents\GitHub\mechanics\plate_main\p1_data_five\hf_followup_20261003\resume3408_mesh2\worker_logs\run_3408_20261004T094532Z_2152_attempt1.log
2026-10-04T11:25:41.735082+00:00 Worker PID 13540 still running; elapsed 100.2 minutes; log C:\Users\LEGION\Documents\GitHub\mechanics\plate_main\p1_data_five\hf_followup_20261003\resume3408_mesh2\worker_logs\run_3408_20261004T094532Z_2152_attempt1.log
2026-10-04T11:26:41.883167+00:00 Worker PID 13540 still running; elapsed 101.2 minutes; log C:\Users\LEGION\Documents\GitHub\mechanics\plate_main\p1_data_five\hf_followup_20261003\resume3408_mesh2\worker_logs\run_3408_20261004T094532Z_2152_attempt1.log
2026-10-04T11:27:41.963982+00:00 Worker PID 13540 still running; elapsed 102.2 minutes; log C:\Users\LEGION\Documents\GitHub\mechanics\plate_main\p1_data_five\hf_followup_20261003\resume3408_mesh2\worker_logs\run_3408_20261004T094532Z_2152_attempt1.log
2026-10-04T11:28:42.042000+00:00 Worker PID 13540 still running; elapsed 103.2 minutes; log C:\Users\LEGION\Documents\GitHub\mechanics\plate_main\p1_data_five\hf_followup_20261003\resume3408_mesh2\worker_logs\run_3408_20261004T094532Z_2152_attempt1.log
2026-10-04T11:29:42.147902+00:00 Worker PID 13540 still running; elapsed 104.2 minutes; log C:\Users\LEGION\Documents\GitHub\mechanics\plate_main\p1_data_five\hf_followup_20261003\resume3408_mesh2\worker_logs\run_3408_20261004T094532Z_2152_attempt1.log
2026-10-04T11:30:42.249483+00:00 Worker PID 13540 still running; elapsed 105.2 minutes; log C:\Users\LEGION\Documents\GitHub\mechanics\plate_main\p1_data_five\hf_followup_20261003\resume3408_mesh2\worker_logs\run_3408_20261004T094532Z_2152_attempt1.log
2026-10-04T11:31:42.351759+00:00 Worker PID 13540 still running; elapsed 106.2 minutes; log C:\Users\LEGION\Documents\GitHub\mechanics\plate_main\p1_data_five\hf_followup_20261003\resume3408_mesh2\worker_logs\run_3408_20261004T094532Z_2152_attempt1.log
2026-10-04T11:32:42.443564+00:00 Worker PID 13540 still running; elapsed 107.2 minutes; log C:\Users\LEGION\Documents\GitHub\mechanics\plate_main\p1_data_five\hf_followup_20261003\resume3408_mesh2\worker_logs\run_3408_20261004T094532Z_2152_attempt1.log
2026-10-04T11:33:42.568802+00:00 Worker PID 13540 still running; elapsed 108.2 minutes; log C:\Users\LEGION\Documents\GitHub\mechanics\plate_main\p1_data_five\hf_followup_20261003\resume3408_mesh2\worker_logs\run_3408_20261004T094532Z_2152_attempt1.log
2026-10-04T11:34:42.653985+00:00 Worker PID 13540 still running; elapsed 109.2 minutes; log C:\Users\LEGION\Documents\GitHub\mechanics\plate_main\p1_data_five\hf_followup_20261003\resume3408_mesh2\worker_logs\run_3408_20261004T094532Z_2152_attempt1.log
2026-10-04T11:35:42.732498+00:00 Worker PID 13540 still running; elapsed 110.2 minutes; log C:\Users\LEGION\Documents\GitHub\mechanics\plate_main\p1_data_five\hf_followup_20261003\resume3408_mesh2\worker_logs\run_3408_20261004T094532Z_2152_attempt1.log
2026-10-04T11:36:42.827885+00:00 Worker PID 13540 still running; elapsed 111.2 minutes; log C:\Users\LEGION\Documents\GitHub\mechanics\plate_main\p1_data_five\hf_followup_20261003\resume3408_mesh2\worker_logs\run_3408_20261004T094532Z_2152_attempt1.log
2026-10-04T11:37:42.892574+00:00 Worker PID 13540 still running; elapsed 112.2 minutes; log C:\Users\LEGION\Documents\GitHub\mechanics\plate_main\p1_data_five\hf_followup_20261003\resume3408_mesh2\worker_logs\run_3408_20261004T094532Z_2152_attempt1.log
2026-10-04T11:38:42.976346+00:00 Worker PID 13540 still running; elapsed 113.2 minutes; log C:\Users\LEGION\Documents\GitHub\mechanics\plate_main\p1_data_five\hf_followup_20261003\resume3408_mesh2\worker_logs\run_3408_20261004T094532Z_2152_attempt1.log
2026-10-04T11:39:43.075224+00:00 Worker PID 13540 still running; elapsed 114.2 minutes; log C:\Users\LEGION\Documents\GitHub\mechanics\plate_main\p1_data_five\hf_followup_20261003\resume3408_mesh2\worker_logs\run_3408_20261004T094532Z_2152_attempt1.log
2026-10-04T11:40:43.155120+00:00 Worker PID 13540 still running; elapsed 115.2 minutes; log C:\Users\LEGION\Documents\GitHub\mechanics\plate_main\p1_data_five\hf_followup_20261003\resume3408_mesh2\worker_logs\run_3408_20261004T094532Z_2152_attempt1.log
2026-10-04T11:41:43.260793+00:00 Worker PID 13540 still running; elapsed 116.2 minutes; log C:\Users\LEGION\Documents\GitHub\mechanics\plate_main\p1_data_five\hf_followup_20261003\resume3408_mesh2\worker_logs\run_3408_20261004T094532Z_2152_attempt1.log
2026-10-04T11:42:43.345856+00:00 Worker PID 13540 still running; elapsed 117.2 minutes; log C:\Users\LEGION\Documents\GitHub\mechanics\plate_main\p1_data_five\hf_followup_20261003\resume3408_mesh2\worker_logs\run_3408_20261004T094532Z_2152_attempt1.log
2026-10-04T11:43:43.423835+00:00 Worker PID 13540 still running; elapsed 118.2 minutes; log C:\Users\LEGION\Documents\GitHub\mechanics\plate_main\p1_data_five\hf_followup_20261003\resume3408_mesh2\worker_logs\run_3408_20261004T094532Z_2152_attempt1.log
2026-10-04T11:44:43.514165+00:00 Worker PID 13540 still running; elapsed 119.2 minutes; log C:\Users\LEGION\Documents\GitHub\mechanics\plate_main\p1_data_five\hf_followup_20261003\resume3408_mesh2\worker_logs\run_3408_20261004T094532Z_2152_attempt1.log
2026-10-04T11:45:43.583030+00:00 Worker PID 13540 still running; elapsed 120.2 minutes; log C:\Users\LEGION\Documents\GitHub\mechanics\plate_main\p1_data_five\hf_followup_20261003\resume3408_mesh2\worker_logs\run_3408_20261004T094532Z_2152_attempt1.log
2026-10-04T11:46:43.701125+00:00 Worker PID 13540 still running; elapsed 121.2 minutes; log C:\Users\LEGION\Documents\GitHub\mechanics\plate_main\p1_data_five\hf_followup_20261003\resume3408_mesh2\worker_logs\run_3408_20261004T094532Z_2152_attempt1.log
2026-10-04T11:47:43.783265+00:00 Worker PID 13540 still running; elapsed 122.2 minutes; log C:\Users\LEGION\Documents\GitHub\mechanics\plate_main\p1_data_five\hf_followup_20261003\resume3408_mesh2\worker_logs\run_3408_20261004T094532Z_2152_attempt1.log
2026-10-04T11:48:43.877875+00:00 Worker PID 13540 still running; elapsed 123.2 minutes; log C:\Users\LEGION\Documents\GitHub\mechanics\plate_main\p1_data_five\hf_followup_20261003\resume3408_mesh2\worker_logs\run_3408_20261004T094532Z_2152_attempt1.log
2026-10-04T11:49:43.989121+00:00 Worker PID 13540 still running; elapsed 124.2 minutes; log C:\Users\LEGION\Documents\GitHub\mechanics\plate_main\p1_data_five\hf_followup_20261003\resume3408_mesh2\worker_logs\run_3408_20261004T094532Z_2152_attempt1.log
2026-10-04T11:50:44.089198+00:00 Worker PID 13540 still running; elapsed 125.2 minutes; log C:\Users\LEGION\Documents\GitHub\mechanics\plate_main\p1_data_five\hf_followup_20261003\resume3408_mesh2\worker_logs\run_3408_20261004T094532Z_2152_attempt1.log
2026-10-04T11:51:44.212635+00:00 Worker PID 13540 still running; elapsed 126.2 minutes; log C:\Users\LEGION\Documents\GitHub\mechanics\plate_main\p1_data_five\hf_followup_20261003\resume3408_mesh2\worker_logs\run_3408_20261004T094532Z_2152_attempt1.log
2026-10-04T11:52:44.329853+00:00 Worker PID 13540 still running; elapsed 127.2 minutes; log C:\Users\LEGION\Documents\GitHub\mechanics\plate_main\p1_data_five\hf_followup_20261003\resume3408_mesh2\worker_logs\run_3408_20261004T094532Z_2152_attempt1.log
2026-10-04T11:53:44.448495+00:00 Worker PID 13540 still running; elapsed 128.2 minutes; log C:\Users\LEGION\Documents\GitHub\mechanics\plate_main\p1_data_five\hf_followup_20261003\resume3408_mesh2\worker_logs\run_3408_20261004T094532Z_2152_attempt1.log
2026-10-04T11:54:44.556690+00:00 Worker PID 13540 still running; elapsed 129.2 minutes; log C:\Users\LEGION\Documents\GitHub\mechanics\plate_main\p1_data_five\hf_followup_20261003\resume3408_mesh2\worker_logs\run_3408_20261004T094532Z_2152_attempt1.log
2026-10-04T11:55:44.624303+00:00 Worker PID 13540 still running; elapsed 130.2 minutes; log C:\Users\LEGION\Documents\GitHub\mechanics\plate_main\p1_data_five\hf_followup_20261003\resume3408_mesh2\worker_logs\run_3408_20261004T094532Z_2152_attempt1.log
2026-10-04T11:56:44.701166+00:00 Worker PID 13540 still running; elapsed 131.2 minutes; log C:\Users\LEGION\Documents\GitHub\mechanics\plate_main\p1_data_five\hf_followup_20261003\resume3408_mesh2\worker_logs\run_3408_20261004T094532Z_2152_attempt1.log
2026-10-04T11:57:44.825619+00:00 Worker PID 13540 still running; elapsed 132.2 minutes; log C:\Users\LEGION\Documents\GitHub\mechanics\plate_main\p1_data_five\hf_followup_20261003\resume3408_mesh2\worker_logs\run_3408_20261004T094532Z_2152_attempt1.log
2026-10-04T11:58:44.935456+00:00 Worker PID 13540 still running; elapsed 133.2 minutes; log C:\Users\LEGION\Documents\GitHub\mechanics\plate_main\p1_data_five\hf_followup_20261003\resume3408_mesh2\worker_logs\run_3408_20261004T094532Z_2152_attempt1.log
2026-10-04T11:59:45.021573+00:00 Worker PID 13540 still running; elapsed 134.2 minutes; log C:\Users\LEGION\Documents\GitHub\mechanics\plate_main\p1_data_five\hf_followup_20261003\resume3408_mesh2\worker_logs\run_3408_20261004T094532Z_2152_attempt1.log
2026-10-04T12:00:45.106930+00:00 Worker PID 13540 still running; elapsed 135.2 minutes; log C:\Users\LEGION\Documents\GitHub\mechanics\plate_main\p1_data_five\hf_followup_20261003\resume3408_mesh2\worker_logs\run_3408_20261004T094532Z_2152_attempt1.log
2026-10-04T12:01:45.212376+00:00 Worker PID 13540 still running; elapsed 136.2 minutes; log C:\Users\LEGION\Documents\GitHub\mechanics\plate_main\p1_data_five\hf_followup_20261003\resume3408_mesh2\worker_logs\run_3408_20261004T094532Z_2152_attempt1.log
2026-10-04T12:02:45.305086+00:00 Worker PID 13540 still running; elapsed 137.2 minutes; log C:\Users\LEGION\Documents\GitHub\mechanics\plate_main\p1_data_five\hf_followup_20261003\resume3408_mesh2\worker_logs\run_3408_20261004T094532Z_2152_attempt1.log
2026-10-04T12:03:45.400822+00:00 Worker PID 13540 still running; elapsed 138.2 minutes; log C:\Users\LEGION\Documents\GitHub\mechanics\plate_main\p1_data_five\hf_followup_20261003\resume3408_mesh2\worker_logs\run_3408_20261004T094532Z_2152_attempt1.log
2026-10-04T12:04:45.500424+00:00 Worker PID 13540 still running; elapsed 139.2 minutes; log C:\Users\LEGION\Documents\GitHub\mechanics\plate_main\p1_data_five\hf_followup_20261003\resume3408_mesh2\worker_logs\run_3408_20261004T094532Z_2152_attempt1.log
2026-10-04T12:05:45.597458+00:00 Worker PID 13540 still running; elapsed 140.2 minutes; log C:\Users\LEGION\Documents\GitHub\mechanics\plate_main\p1_data_five\hf_followup_20261003\resume3408_mesh2\worker_logs\run_3408_20261004T094532Z_2152_attempt1.log
2026-10-04T12:06:45.699937+00:00 Worker PID 13540 still running; elapsed 141.2 minutes; log C:\Users\LEGION\Documents\GitHub\mechanics\plate_main\p1_data_five\hf_followup_20261003\resume3408_mesh2\worker_logs\run_3408_20261004T094532Z_2152_attempt1.log
2026-10-04T12:07:45.848909+00:00 Worker PID 13540 still running; elapsed 142.2 minutes; log C:\Users\LEGION\Documents\GitHub\mechanics\plate_main\p1_data_five\hf_followup_20261003\resume3408_mesh2\worker_logs\run_3408_20261004T094532Z_2152_attempt1.log
2026-10-04T12:08:45.980102+00:00 Worker PID 13540 still running; elapsed 143.2 minutes; log C:\Users\LEGION\Documents\GitHub\mechanics\plate_main\p1_data_five\hf_followup_20261003\resume3408_mesh2\worker_logs\run_3408_20261004T094532Z_2152_attempt1.log
2026-10-04T12:09:46.091642+00:00 Worker PID 13540 still running; elapsed 144.2 minutes; log C:\Users\LEGION\Documents\GitHub\mechanics\plate_main\p1_data_five\hf_followup_20261003\resume3408_mesh2\worker_logs\run_3408_20261004T094532Z_2152_attempt1.log
2026-10-04T12:10:46.177411+00:00 Worker PID 13540 still running; elapsed 145.2 minutes; log C:\Users\LEGION\Documents\GitHub\mechanics\plate_main\p1_data_five\hf_followup_20261003\resume3408_mesh2\worker_logs\run_3408_20261004T094532Z_2152_attempt1.log
2026-10-04T12:11:46.261142+00:00 Worker PID 13540 still running; elapsed 146.2 minutes; log C:\Users\LEGION\Documents\GitHub\mechanics\plate_main\p1_data_five\hf_followup_20261003\resume3408_mesh2\worker_logs\run_3408_20261004T094532Z_2152_attempt1.log
2026-10-04T12:12:46.355971+00:00 Worker PID 13540 still running; elapsed 147.2 minutes; log C:\Users\LEGION\Documents\GitHub\mechanics\plate_main\p1_data_five\hf_followup_20261003\resume3408_mesh2\worker_logs\run_3408_20261004T094532Z_2152_attempt1.log
2026-10-04T12:13:46.428047+00:00 Worker PID 13540 still running; elapsed 148.2 minutes; log C:\Users\LEGION\Documents\GitHub\mechanics\plate_main\p1_data_five\hf_followup_20261003\resume3408_mesh2\worker_logs\run_3408_20261004T094532Z_2152_attempt1.log
2026-10-04T12:14:46.536493+00:00 Worker PID 13540 still running; elapsed 149.2 minutes; log C:\Users\LEGION\Documents\GitHub\mechanics\plate_main\p1_data_five\hf_followup_20261003\resume3408_mesh2\worker_logs\run_3408_20261004T094532Z_2152_attempt1.log
2026-10-04T12:15:46.627625+00:00 Worker PID 13540 still running; elapsed 150.2 minutes; log C:\Users\LEGION\Documents\GitHub\mechanics\plate_main\p1_data_five\hf_followup_20261003\resume3408_mesh2\worker_logs\run_3408_20261004T094532Z_2152_attempt1.log
2026-10-04T12:16:46.726032+00:00 Worker PID 13540 still running; elapsed 151.2 minutes; log C:\Users\LEGION\Documents\GitHub\mechanics\plate_main\p1_data_five\hf_followup_20261003\resume3408_mesh2\worker_logs\run_3408_20261004T094532Z_2152_attempt1.log
2026-10-04T12:17:46.826286+00:00 Worker PID 13540 still running; elapsed 152.2 minutes; log C:\Users\LEGION\Documents\GitHub\mechanics\plate_main\p1_data_five\hf_followup_20261003\resume3408_mesh2\worker_logs\run_3408_20261004T094532Z_2152_attempt1.log
2026-10-04T12:18:46.920770+00:00 Worker PID 13540 still running; elapsed 153.2 minutes; log C:\Users\LEGION\Documents\GitHub\mechanics\plate_main\p1_data_five\hf_followup_20261003\resume3408_mesh2\worker_logs\run_3408_20261004T094532Z_2152_attempt1.log
2026-10-04T12:19:47.003047+00:00 Worker PID 13540 still running; elapsed 154.2 minutes; log C:\Users\LEGION\Documents\GitHub\mechanics\plate_main\p1_data_five\hf_followup_20261003\resume3408_mesh2\worker_logs\run_3408_20261004T094532Z_2152_attempt1.log
2026-10-04T12:20:47.108136+00:00 Worker PID 13540 still running; elapsed 155.2 minutes; log C:\Users\LEGION\Documents\GitHub\mechanics\plate_main\p1_data_five\hf_followup_20261003\resume3408_mesh2\worker_logs\run_3408_20261004T094532Z_2152_attempt1.log
2026-10-04T12:21:47.203061+00:00 Worker PID 13540 still running; elapsed 156.3 minutes; log C:\Users\LEGION\Documents\GitHub\mechanics\plate_main\p1_data_five\hf_followup_20261003\resume3408_mesh2\worker_logs\run_3408_20261004T094532Z_2152_attempt1.log
2026-10-04T12:22:47.300686+00:00 Worker PID 13540 still running; elapsed 157.3 minutes; log C:\Users\LEGION\Documents\GitHub\mechanics\plate_main\p1_data_five\hf_followup_20261003\resume3408_mesh2\worker_logs\run_3408_20261004T094532Z_2152_attempt1.log
2026-10-04T12:23:47.363766+00:00 Worker PID 13540 still running; elapsed 158.3 minutes; log C:\Users\LEGION\Documents\GitHub\mechanics\plate_main\p1_data_five\hf_followup_20261003\resume3408_mesh2\worker_logs\run_3408_20261004T094532Z_2152_attempt1.log
2026-10-04T12:24:47.466132+00:00 Worker PID 13540 still running; elapsed 159.3 minutes; log C:\Users\LEGION\Documents\GitHub\mechanics\plate_main\p1_data_five\hf_followup_20261003\resume3408_mesh2\worker_logs\run_3408_20261004T094532Z_2152_attempt1.log
2026-10-04T12:25:47.601294+00:00 Worker PID 13540 still running; elapsed 160.3 minutes; log C:\Users\LEGION\Documents\GitHub\mechanics\plate_main\p1_data_five\hf_followup_20261003\resume3408_mesh2\worker_logs\run_3408_20261004T094532Z_2152_attempt1.log
2026-10-04T12:26:47.735703+00:00 Worker PID 13540 still running; elapsed 161.3 minutes; log C:\Users\LEGION\Documents\GitHub\mechanics\plate_main\p1_data_five\hf_followup_20261003\resume3408_mesh2\worker_logs\run_3408_20261004T094532Z_2152_attempt1.log
2026-10-04T12:27:47.802665+00:00 Worker PID 13540 still running; elapsed 162.3 minutes; log C:\Users\LEGION\Documents\GitHub\mechanics\plate_main\p1_data_five\hf_followup_20261003\resume3408_mesh2\worker_logs\run_3408_20261004T094532Z_2152_attempt1.log
2026-10-04T12:28:47.910090+00:00 Worker PID 13540 still running; elapsed 163.3 minutes; log C:\Users\LEGION\Documents\GitHub\mechanics\plate_main\p1_data_five\hf_followup_20261003\resume3408_mesh2\worker_logs\run_3408_20261004T094532Z_2152_attempt1.log
2026-10-04T12:29:47.982754+00:00 Worker PID 13540 still running; elapsed 164.3 minutes; log C:\Users\LEGION\Documents\GitHub\mechanics\plate_main\p1_data_five\hf_followup_20261003\resume3408_mesh2\worker_logs\run_3408_20261004T094532Z_2152_attempt1.log
2026-10-04T12:30:48.047750+00:00 Worker PID 13540 still running; elapsed 165.3 minutes; log C:\Users\LEGION\Documents\GitHub\mechanics\plate_main\p1_data_five\hf_followup_20261003\resume3408_mesh2\worker_logs\run_3408_20261004T094532Z_2152_attempt1.log
2026-10-04T12:31:48.166746+00:00 Worker PID 13540 still running; elapsed 166.3 minutes; log C:\Users\LEGION\Documents\GitHub\mechanics\plate_main\p1_data_five\hf_followup_20261003\resume3408_mesh2\worker_logs\run_3408_20261004T094532Z_2152_attempt1.log
2026-10-04T12:32:48.268590+00:00 Worker PID 13540 still running; elapsed 167.3 minutes; log C:\Users\LEGION\Documents\GitHub\mechanics\plate_main\p1_data_five\hf_followup_20261003\resume3408_mesh2\worker_logs\run_3408_20261004T094532Z_2152_attempt1.log
2026-10-04T12:33:48.375289+00:00 Worker PID 13540 still running; elapsed 168.3 minutes; log C:\Users\LEGION\Documents\GitHub\mechanics\plate_main\p1_data_five\hf_followup_20261003\resume3408_mesh2\worker_logs\run_3408_20261004T094532Z_2152_attempt1.log
2026-10-04T12:34:48.491823+00:00 Worker PID 13540 still running; elapsed 169.3 minutes; log C:\Users\LEGION\Documents\GitHub\mechanics\plate_main\p1_data_five\hf_followup_20261003\resume3408_mesh2\worker_logs\run_3408_20261004T094532Z_2152_attempt1.log
2026-10-04T12:35:48.578266+00:00 Worker PID 13540 still running; elapsed 170.3 minutes; log C:\Users\LEGION\Documents\GitHub\mechanics\plate_main\p1_data_five\hf_followup_20261003\resume3408_mesh2\worker_logs\run_3408_20261004T094532Z_2152_attempt1.log
2026-10-04T12:36:48.709209+00:00 Worker PID 13540 still running; elapsed 171.3 minutes; log C:\Users\LEGION\Documents\GitHub\mechanics\plate_main\p1_data_five\hf_followup_20261003\resume3408_mesh2\worker_logs\run_3408_20261004T094532Z_2152_attempt1.log
2026-10-04T12:37:48.822118+00:00 Worker PID 13540 still running; elapsed 172.3 minutes; log C:\Users\LEGION\Documents\GitHub\mechanics\plate_main\p1_data_five\hf_followup_20261003\resume3408_mesh2\worker_logs\run_3408_20261004T094532Z_2152_attempt1.log
2026-10-04T12:38:48.915388+00:00 Worker PID 13540 still running; elapsed 173.3 minutes; log C:\Users\LEGION\Documents\GitHub\mechanics\plate_main\p1_data_five\hf_followup_20261003\resume3408_mesh2\worker_logs\run_3408_20261004T094532Z_2152_attempt1.log
2026-10-04T12:39:49.003234+00:00 Worker PID 13540 still running; elapsed 174.3 minutes; log C:\Users\LEGION\Documents\GitHub\mechanics\plate_main\p1_data_five\hf_followup_20261003\resume3408_mesh2\worker_logs\run_3408_20261004T094532Z_2152_attempt1.log
2026-10-04T12:40:49.093149+00:00 Worker PID 13540 still running; elapsed 175.3 minutes; log C:\Users\LEGION\Documents\GitHub\mechanics\plate_main\p1_data_five\hf_followup_20261003\resume3408_mesh2\worker_logs\run_3408_20261004T094532Z_2152_attempt1.log
2026-10-04T12:41:49.170133+00:00 Worker PID 13540 still running; elapsed 176.3 minutes; log C:\Users\LEGION\Documents\GitHub\mechanics\plate_main\p1_data_five\hf_followup_20261003\resume3408_mesh2\worker_logs\run_3408_20261004T094532Z_2152_attempt1.log
2026-10-04T12:42:49.270891+00:00 Worker PID 13540 still running; elapsed 177.3 minutes; log C:\Users\LEGION\Documents\GitHub\mechanics\plate_main\p1_data_five\hf_followup_20261003\resume3408_mesh2\worker_logs\run_3408_20261004T094532Z_2152_attempt1.log
2026-10-04T12:43:49.366005+00:00 Worker PID 13540 still running; elapsed 178.3 minutes; log C:\Users\LEGION\Documents\GitHub\mechanics\plate_main\p1_data_five\hf_followup_20261003\resume3408_mesh2\worker_logs\run_3408_20261004T094532Z_2152_attempt1.log
2026-10-04T12:44:49.480956+00:00 Worker PID 13540 still running; elapsed 179.3 minutes; log C:\Users\LEGION\Documents\GitHub\mechanics\plate_main\p1_data_five\hf_followup_20261003\resume3408_mesh2\worker_logs\run_3408_20261004T094532Z_2152_attempt1.log
2026-10-04T12:45:49.582490+00:00 Worker PID 13540 still running; elapsed 180.3 minutes; log C:\Users\LEGION\Documents\GitHub\mechanics\plate_main\p1_data_five\hf_followup_20261003\resume3408_mesh2\worker_logs\run_3408_20261004T094532Z_2152_attempt1.log
2026-10-04T12:46:49.697902+00:00 Worker PID 13540 still running; elapsed 181.3 minutes; log C:\Users\LEGION\Documents\GitHub\mechanics\plate_main\p1_data_five\hf_followup_20261003\resume3408_mesh2\worker_logs\run_3408_20261004T094532Z_2152_attempt1.log
2026-10-04T12:47:49.820369+00:00 Worker PID 13540 still running; elapsed 182.3 minutes; log C:\Users\LEGION\Documents\GitHub\mechanics\plate_main\p1_data_five\hf_followup_20261003\resume3408_mesh2\worker_logs\run_3408_20261004T094532Z_2152_attempt1.log
2026-10-04T12:48:49.902523+00:00 Worker PID 13540 still running; elapsed 183.3 minutes; log C:\Users\LEGION\Documents\GitHub\mechanics\plate_main\p1_data_five\hf_followup_20261003\resume3408_mesh2\worker_logs\run_3408_20261004T094532Z_2152_attempt1.log
2026-10-04T12:49:49.976799+00:00 Worker PID 13540 still running; elapsed 184.3 minutes; log C:\Users\LEGION\Documents\GitHub\mechanics\plate_main\p1_data_five\hf_followup_20261003\resume3408_mesh2\worker_logs\run_3408_20261004T094532Z_2152_attempt1.log
2026-10-04T12:50:50.106978+00:00 Worker PID 13540 still running; elapsed 185.3 minutes; log C:\Users\LEGION\Documents\GitHub\mechanics\plate_main\p1_data_five\hf_followup_20261003\resume3408_mesh2\worker_logs\run_3408_20261004T094532Z_2152_attempt1.log
2026-10-04T12:51:50.195219+00:00 Worker PID 13540 still running; elapsed 186.3 minutes; log C:\Users\LEGION\Documents\GitHub\mechanics\plate_main\p1_data_five\hf_followup_20261003\resume3408_mesh2\worker_logs\run_3408_20261004T094532Z_2152_attempt1.log
2026-10-04T12:52:50.294502+00:00 Worker PID 13540 still running; elapsed 187.3 minutes; log C:\Users\LEGION\Documents\GitHub\mechanics\plate_main\p1_data_five\hf_followup_20261003\resume3408_mesh2\worker_logs\run_3408_20261004T094532Z_2152_attempt1.log
2026-10-04T12:53:50.384342+00:00 Worker PID 13540 still running; elapsed 188.3 minutes; log C:\Users\LEGION\Documents\GitHub\mechanics\plate_main\p1_data_five\hf_followup_20261003\resume3408_mesh2\worker_logs\run_3408_20261004T094532Z_2152_attempt1.log
2026-10-04T12:54:50.451102+00:00 Worker PID 13540 still running; elapsed 189.3 minutes; log C:\Users\LEGION\Documents\GitHub\mechanics\plate_main\p1_data_five\hf_followup_20261003\resume3408_mesh2\worker_logs\run_3408_20261004T094532Z_2152_attempt1.log
2026-10-04T12:55:50.532507+00:00 Worker PID 13540 still running; elapsed 190.3 minutes; log C:\Users\LEGION\Documents\GitHub\mechanics\plate_main\p1_data_five\hf_followup_20261003\resume3408_mesh2\worker_logs\run_3408_20261004T094532Z_2152_attempt1.log
2026-10-04T12:56:50.613793+00:00 Worker PID 13540 still running; elapsed 191.3 minutes; log C:\Users\LEGION\Documents\GitHub\mechanics\plate_main\p1_data_five\hf_followup_20261003\resume3408_mesh2\worker_logs\run_3408_20261004T094532Z_2152_attempt1.log
2026-10-04T12:57:50.728412+00:00 Worker PID 13540 still running; elapsed 192.3 minutes; log C:\Users\LEGION\Documents\GitHub\mechanics\plate_main\p1_data_five\hf_followup_20261003\resume3408_mesh2\worker_logs\run_3408_20261004T094532Z_2152_attempt1.log
2026-10-04T12:58:50.831774+00:00 Worker PID 13540 still running; elapsed 193.3 minutes; log C:\Users\LEGION\Documents\GitHub\mechanics\plate_main\p1_data_five\hf_followup_20261003\resume3408_mesh2\worker_logs\run_3408_20261004T094532Z_2152_attempt1.log
2026-10-04T12:59:50.927982+00:00 Worker PID 13540 still running; elapsed 194.3 minutes; log C:\Users\LEGION\Documents\GitHub\mechanics\plate_main\p1_data_five\hf_followup_20261003\resume3408_mesh2\worker_logs\run_3408_20261004T094532Z_2152_attempt1.log
2026-10-04T13:00:51.022692+00:00 Worker PID 13540 still running; elapsed 195.3 minutes; log C:\Users\LEGION\Documents\GitHub\mechanics\plate_main\p1_data_five\hf_followup_20261003\resume3408_mesh2\worker_logs\run_3408_20261004T094532Z_2152_attempt1.log
2026-10-04T13:01:51.128423+00:00 Worker PID 13540 still running; elapsed 196.3 minutes; log C:\Users\LEGION\Documents\GitHub\mechanics\plate_main\p1_data_five\hf_followup_20261003\resume3408_mesh2\worker_logs\run_3408_20261004T094532Z_2152_attempt1.log
2026-10-04T13:02:51.205468+00:00 Worker PID 13540 still running; elapsed 197.3 minutes; log C:\Users\LEGION\Documents\GitHub\mechanics\plate_main\p1_data_five\hf_followup_20261003\resume3408_mesh2\worker_logs\run_3408_20261004T094532Z_2152_attempt1.log
2026-10-04T13:03:51.291935+00:00 Worker PID 13540 still running; elapsed 198.3 minutes; log C:\Users\LEGION\Documents\GitHub\mechanics\plate_main\p1_data_five\hf_followup_20261003\resume3408_mesh2\worker_logs\run_3408_20261004T094532Z_2152_attempt1.log
2026-10-04T13:04:51.376719+00:00 Worker PID 13540 still running; elapsed 199.3 minutes; log C:\Users\LEGION\Documents\GitHub\mechanics\plate_main\p1_data_five\hf_followup_20261003\resume3408_mesh2\worker_logs\run_3408_20261004T094532Z_2152_attempt1.log
2026-10-04T13:05:51.443927+00:00 Worker PID 13540 still running; elapsed 200.3 minutes; log C:\Users\LEGION\Documents\GitHub\mechanics\plate_main\p1_data_five\hf_followup_20261003\resume3408_mesh2\worker_logs\run_3408_20261004T094532Z_2152_attempt1.log
2026-10-04T13:06:51.533900+00:00 Worker PID 13540 still running; elapsed 201.3 minutes; log C:\Users\LEGION\Documents\GitHub\mechanics\plate_main\p1_data_five\hf_followup_20261003\resume3408_mesh2\worker_logs\run_3408_20261004T094532Z_2152_attempt1.log
2026-10-04T13:07:51.636252+00:00 Worker PID 13540 still running; elapsed 202.3 minutes; log C:\Users\LEGION\Documents\GitHub\mechanics\plate_main\p1_data_five\hf_followup_20261003\resume3408_mesh2\worker_logs\run_3408_20261004T094532Z_2152_attempt1.log
2026-10-04T13:08:51.727446+00:00 Worker PID 13540 still running; elapsed 203.3 minutes; log C:\Users\LEGION\Documents\GitHub\mechanics\plate_main\p1_data_five\hf_followup_20261003\resume3408_mesh2\worker_logs\run_3408_20261004T094532Z_2152_attempt1.log
2026-10-04T13:09:51.815537+00:00 Worker PID 13540 still running; elapsed 204.3 minutes; log C:\Users\LEGION\Documents\GitHub\mechanics\plate_main\p1_data_five\hf_followup_20261003\resume3408_mesh2\worker_logs\run_3408_20261004T094532Z_2152_attempt1.log
2026-10-04T13:10:51.934447+00:00 Worker PID 13540 still running; elapsed 205.3 minutes; log C:\Users\LEGION\Documents\GitHub\mechanics\plate_main\p1_data_five\hf_followup_20261003\resume3408_mesh2\worker_logs\run_3408_20261004T094532Z_2152_attempt1.log
2026-10-04T13:11:52.030721+00:00 Worker PID 13540 still running; elapsed 206.3 minutes; log C:\Users\LEGION\Documents\GitHub\mechanics\plate_main\p1_data_five\hf_followup_20261003\resume3408_mesh2\worker_logs\run_3408_20261004T094532Z_2152_attempt1.log
2026-10-04T13:12:52.150874+00:00 Worker PID 13540 still running; elapsed 207.3 minutes; log C:\Users\LEGION\Documents\GitHub\mechanics\plate_main\p1_data_five\hf_followup_20261003\resume3408_mesh2\worker_logs\run_3408_20261004T094532Z_2152_attempt1.log
2026-10-04T13:13:52.233919+00:00 Worker PID 13540 still running; elapsed 208.3 minutes; log C:\Users\LEGION\Documents\GitHub\mechanics\plate_main\p1_data_five\hf_followup_20261003\resume3408_mesh2\worker_logs\run_3408_20261004T094532Z_2152_attempt1.log
2026-10-04T13:14:52.350440+00:00 Worker PID 13540 still running; elapsed 209.3 minutes; log C:\Users\LEGION\Documents\GitHub\mechanics\plate_main\p1_data_five\hf_followup_20261003\resume3408_mesh2\worker_logs\run_3408_20261004T094532Z_2152_attempt1.log
2026-10-04T13:15:52.449734+00:00 Worker PID 13540 still running; elapsed 210.3 minutes; log C:\Users\LEGION\Documents\GitHub\mechanics\plate_main\p1_data_five\hf_followup_20261003\resume3408_mesh2\worker_logs\run_3408_20261004T094532Z_2152_attempt1.log
2026-10-04T13:16:52.544879+00:00 Worker PID 13540 still running; elapsed 211.3 minutes; log C:\Users\LEGION\Documents\GitHub\mechanics\plate_main\p1_data_five\hf_followup_20261003\resume3408_mesh2\worker_logs\run_3408_20261004T094532Z_2152_attempt1.log
2026-10-04T13:17:52.677181+00:00 Worker PID 13540 still running; elapsed 212.3 minutes; log C:\Users\LEGION\Documents\GitHub\mechanics\plate_main\p1_data_five\hf_followup_20261003\resume3408_mesh2\worker_logs\run_3408_20261004T094532Z_2152_attempt1.log
2026-10-04T13:18:52.771900+00:00 Worker PID 13540 still running; elapsed 213.3 minutes; log C:\Users\LEGION\Documents\GitHub\mechanics\plate_main\p1_data_five\hf_followup_20261003\resume3408_mesh2\worker_logs\run_3408_20261004T094532Z_2152_attempt1.log
2026-10-04T13:19:52.869804+00:00 Worker PID 13540 still running; elapsed 214.3 minutes; log C:\Users\LEGION\Documents\GitHub\mechanics\plate_main\p1_data_five\hf_followup_20261003\resume3408_mesh2\worker_logs\run_3408_20261004T094532Z_2152_attempt1.log
2026-10-04T13:20:52.983075+00:00 Worker PID 13540 still running; elapsed 215.3 minutes; log C:\Users\LEGION\Documents\GitHub\mechanics\plate_main\p1_data_five\hf_followup_20261003\resume3408_mesh2\worker_logs\run_3408_20261004T094532Z_2152_attempt1.log
2026-10-04T13:21:53.116164+00:00 Worker PID 13540 still running; elapsed 216.3 minutes; log C:\Users\LEGION\Documents\GitHub\mechanics\plate_main\p1_data_five\hf_followup_20261003\resume3408_mesh2\worker_logs\run_3408_20261004T094532Z_2152_attempt1.log
2026-10-04T13:22:53.202649+00:00 Worker PID 13540 still running; elapsed 217.4 minutes; log C:\Users\LEGION\Documents\GitHub\mechanics\plate_main\p1_data_five\hf_followup_20261003\resume3408_mesh2\worker_logs\run_3408_20261004T094532Z_2152_attempt1.log
2026-10-04T13:23:53.296678+00:00 Worker PID 13540 still running; elapsed 218.4 minutes; log C:\Users\LEGION\Documents\GitHub\mechanics\plate_main\p1_data_five\hf_followup_20261003\resume3408_mesh2\worker_logs\run_3408_20261004T094532Z_2152_attempt1.log
2026-10-04T13:24:53.398956+00:00 Worker PID 13540 still running; elapsed 219.4 minutes; log C:\Users\LEGION\Documents\GitHub\mechanics\plate_main\p1_data_five\hf_followup_20261003\resume3408_mesh2\worker_logs\run_3408_20261004T094532Z_2152_attempt1.log
2026-10-04T13:25:53.493934+00:00 Worker PID 13540 still running; elapsed 220.4 minutes; log C:\Users\LEGION\Documents\GitHub\mechanics\plate_main\p1_data_five\hf_followup_20261003\resume3408_mesh2\worker_logs\run_3408_20261004T094532Z_2152_attempt1.log
2026-10-04T13:26:53.559996+00:00 Worker PID 13540 still running; elapsed 221.4 minutes; log C:\Users\LEGION\Documents\GitHub\mechanics\plate_main\p1_data_five\hf_followup_20261003\resume3408_mesh2\worker_logs\run_3408_20261004T094532Z_2152_attempt1.log
2026-10-04T13:27:53.674814+00:00 Worker PID 13540 still running; elapsed 222.4 minutes; log C:\Users\LEGION\Documents\GitHub\mechanics\plate_main\p1_data_five\hf_followup_20261003\resume3408_mesh2\worker_logs\run_3408_20261004T094532Z_2152_attempt1.log
2026-10-04T13:28:53.770289+00:00 Worker PID 13540 still running; elapsed 223.4 minutes; log C:\Users\LEGION\Documents\GitHub\mechanics\plate_main\p1_data_five\hf_followup_20261003\resume3408_mesh2\worker_logs\run_3408_20261004T094532Z_2152_attempt1.log
2026-10-04T13:29:53.839414+00:00 Worker PID 13540 still running; elapsed 224.4 minutes; log C:\Users\LEGION\Documents\GitHub\mechanics\plate_main\p1_data_five\hf_followup_20261003\resume3408_mesh2\worker_logs\run_3408_20261004T094532Z_2152_attempt1.log
2026-10-04T13:30:53.936464+00:00 Worker PID 13540 still running; elapsed 225.4 minutes; log C:\Users\LEGION\Documents\GitHub\mechanics\plate_main\p1_data_five\hf_followup_20261003\resume3408_mesh2\worker_logs\run_3408_20261004T094532Z_2152_attempt1.log
2026-10-04T13:31:54.028729+00:00 Worker PID 13540 still running; elapsed 226.4 minutes; log C:\Users\LEGION\Documents\GitHub\mechanics\plate_main\p1_data_five\hf_followup_20261003\resume3408_mesh2\worker_logs\run_3408_20261004T094532Z_2152_attempt1.log
2026-10-04T13:32:54.136244+00:00 Worker PID 13540 still running; elapsed 227.4 minutes; log C:\Users\LEGION\Documents\GitHub\mechanics\plate_main\p1_data_five\hf_followup_20261003\resume3408_mesh2\worker_logs\run_3408_20261004T094532Z_2152_attempt1.log
2026-10-04T13:33:54.241770+00:00 Worker PID 13540 still running; elapsed 228.4 minutes; log C:\Users\LEGION\Documents\GitHub\mechanics\plate_main\p1_data_five\hf_followup_20261003\resume3408_mesh2\worker_logs\run_3408_20261004T094532Z_2152_attempt1.log
2026-10-04T13:34:54.364585+00:00 Worker PID 13540 still running; elapsed 229.4 minutes; log C:\Users\LEGION\Documents\GitHub\mechanics\plate_main\p1_data_five\hf_followup_20261003\resume3408_mesh2\worker_logs\run_3408_20261004T094532Z_2152_attempt1.log
2026-10-04T13:35:54.447644+00:00 Worker PID 13540 still running; elapsed 230.4 minutes; log C:\Users\LEGION\Documents\GitHub\mechanics\plate_main\p1_data_five\hf_followup_20261003\resume3408_mesh2\worker_logs\run_3408_20261004T094532Z_2152_attempt1.log
2026-10-04T13:36:54.553368+00:00 Worker PID 13540 still running; elapsed 231.4 minutes; log C:\Users\LEGION\Documents\GitHub\mechanics\plate_main\p1_data_five\hf_followup_20261003\resume3408_mesh2\worker_logs\run_3408_20261004T094532Z_2152_attempt1.log
2026-10-04T13:37:54.639427+00:00 Worker PID 13540 still running; elapsed 232.4 minutes; log C:\Users\LEGION\Documents\GitHub\mechanics\plate_main\p1_data_five\hf_followup_20261003\resume3408_mesh2\worker_logs\run_3408_20261004T094532Z_2152_attempt1.log
2026-10-04T13:38:54.756380+00:00 Worker PID 13540 still running; elapsed 233.4 minutes; log C:\Users\LEGION\Documents\GitHub\mechanics\plate_main\p1_data_five\hf_followup_20261003\resume3408_mesh2\worker_logs\run_3408_20261004T094532Z_2152_attempt1.log
2026-10-04T13:39:54.863579+00:00 Worker PID 13540 still running; elapsed 234.4 minutes; log C:\Users\LEGION\Documents\GitHub\mechanics\plate_main\p1_data_five\hf_followup_20261003\resume3408_mesh2\worker_logs\run_3408_20261004T094532Z_2152_attempt1.log
2026-10-04T13:40:54.986741+00:00 Worker PID 13540 still running; elapsed 235.4 minutes; log C:\Users\LEGION\Documents\GitHub\mechanics\plate_main\p1_data_five\hf_followup_20261003\resume3408_mesh2\worker_logs\run_3408_20261004T094532Z_2152_attempt1.log
2026-10-04T13:41:55.059836+00:00 Worker PID 13540 still running; elapsed 236.4 minutes; log C:\Users\LEGION\Documents\GitHub\mechanics\plate_main\p1_data_five\hf_followup_20261003\resume3408_mesh2\worker_logs\run_3408_20261004T094532Z_2152_attempt1.log
2026-10-04T13:42:55.162105+00:00 Worker PID 13540 still running; elapsed 237.4 minutes; log C:\Users\LEGION\Documents\GitHub\mechanics\plate_main\p1_data_five\hf_followup_20261003\resume3408_mesh2\worker_logs\run_3408_20261004T094532Z_2152_attempt1.log
2026-10-04T13:43:55.252709+00:00 Worker PID 13540 still running; elapsed 238.4 minutes; log C:\Users\LEGION\Documents\GitHub\mechanics\plate_main\p1_data_five\hf_followup_20261003\resume3408_mesh2\worker_logs\run_3408_20261004T094532Z_2152_attempt1.log
2026-10-04T13:44:55.366923+00:00 Worker PID 13540 still running; elapsed 239.4 minutes; log C:\Users\LEGION\Documents\GitHub\mechanics\plate_main\p1_data_five\hf_followup_20261003\resume3408_mesh2\worker_logs\run_3408_20261004T094532Z_2152_attempt1.log
2026-10-04T13:45:55.458634+00:00 Worker PID 13540 still running; elapsed 240.4 minutes; log C:\Users\LEGION\Documents\GitHub\mechanics\plate_main\p1_data_five\hf_followup_20261003\resume3408_mesh2\worker_logs\run_3408_20261004T094532Z_2152_attempt1.log
2026-10-04T13:46:55.558649+00:00 Worker PID 13540 still running; elapsed 241.4 minutes; log C:\Users\LEGION\Documents\GitHub\mechanics\plate_main\p1_data_five\hf_followup_20261003\resume3408_mesh2\worker_logs\run_3408_20261004T094532Z_2152_attempt1.log
2026-10-04T13:47:55.658361+00:00 Worker PID 13540 still running; elapsed 242.4 minutes; log C:\Users\LEGION\Documents\GitHub\mechanics\plate_main\p1_data_five\hf_followup_20261003\resume3408_mesh2\worker_logs\run_3408_20261004T094532Z_2152_attempt1.log
2026-10-04T13:48:55.754493+00:00 Worker PID 13540 still running; elapsed 243.4 minutes; log C:\Users\LEGION\Documents\GitHub\mechanics\plate_main\p1_data_five\hf_followup_20261003\resume3408_mesh2\worker_logs\run_3408_20261004T094532Z_2152_attempt1.log
2026-10-04T13:49:55.848462+00:00 Worker PID 13540 still running; elapsed 244.4 minutes; log C:\Users\LEGION\Documents\GitHub\mechanics\plate_main\p1_data_five\hf_followup_20261003\resume3408_mesh2\worker_logs\run_3408_20261004T094532Z_2152_attempt1.log
2026-10-04T13:50:55.917522+00:00 Worker PID 13540 still running; elapsed 245.4 minutes; log C:\Users\LEGION\Documents\GitHub\mechanics\plate_main\p1_data_five\hf_followup_20261003\resume3408_mesh2\worker_logs\run_3408_20261004T094532Z_2152_attempt1.log
2026-10-04T13:51:56.010740+00:00 Worker PID 13540 still running; elapsed 246.4 minutes; log C:\Users\LEGION\Documents\GitHub\mechanics\plate_main\p1_data_five\hf_followup_20261003\resume3408_mesh2\worker_logs\run_3408_20261004T094532Z_2152_attempt1.log
2026-10-04T13:52:56.127559+00:00 Worker PID 13540 still running; elapsed 247.4 minutes; log C:\Users\LEGION\Documents\GitHub\mechanics\plate_main\p1_data_five\hf_followup_20261003\resume3408_mesh2\worker_logs\run_3408_20261004T094532Z_2152_attempt1.log
2026-10-04T13:53:56.226867+00:00 Worker PID 13540 still running; elapsed 248.4 minutes; log C:\Users\LEGION\Documents\GitHub\mechanics\plate_main\p1_data_five\hf_followup_20261003\resume3408_mesh2\worker_logs\run_3408_20261004T094532Z_2152_attempt1.log
2026-10-04T13:54:56.302185+00:00 Worker PID 13540 still running; elapsed 249.4 minutes; log C:\Users\LEGION\Documents\GitHub\mechanics\plate_main\p1_data_five\hf_followup_20261003\resume3408_mesh2\worker_logs\run_3408_20261004T094532Z_2152_attempt1.log
2026-10-04T13:55:56.404452+00:00 Worker PID 13540 still running; elapsed 250.4 minutes; log C:\Users\LEGION\Documents\GitHub\mechanics\plate_main\p1_data_five\hf_followup_20261003\resume3408_mesh2\worker_logs\run_3408_20261004T094532Z_2152_attempt1.log
2026-10-04T13:56:56.479340+00:00 Worker PID 13540 still running; elapsed 251.4 minutes; log C:\Users\LEGION\Documents\GitHub\mechanics\plate_main\p1_data_five\hf_followup_20261003\resume3408_mesh2\worker_logs\run_3408_20261004T094532Z_2152_attempt1.log
2026-10-04T13:57:56.568694+00:00 Worker PID 13540 still running; elapsed 252.4 minutes; log C:\Users\LEGION\Documents\GitHub\mechanics\plate_main\p1_data_five\hf_followup_20261003\resume3408_mesh2\worker_logs\run_3408_20261004T094532Z_2152_attempt1.log
2026-10-04T13:58:56.677784+00:00 Worker PID 13540 still running; elapsed 253.4 minutes; log C:\Users\LEGION\Documents\GitHub\mechanics\plate_main\p1_data_five\hf_followup_20261003\resume3408_mesh2\worker_logs\run_3408_20261004T094532Z_2152_attempt1.log
2026-10-04T13:59:56.763112+00:00 Worker PID 13540 still running; elapsed 254.4 minutes; log C:\Users\LEGION\Documents\GitHub\mechanics\plate_main\p1_data_five\hf_followup_20261003\resume3408_mesh2\worker_logs\run_3408_20261004T094532Z_2152_attempt1.log
2026-10-04T14:00:56.859896+00:00 Worker PID 13540 still running; elapsed 255.4 minutes; log C:\Users\LEGION\Documents\GitHub\mechanics\plate_main\p1_data_five\hf_followup_20261003\resume3408_mesh2\worker_logs\run_3408_20261004T094532Z_2152_attempt1.log
2026-10-04T14:01:56.940562+00:00 Worker PID 13540 still running; elapsed 256.4 minutes; log C:\Users\LEGION\Documents\GitHub\mechanics\plate_main\p1_data_five\hf_followup_20261003\resume3408_mesh2\worker_logs\run_3408_20261004T094532Z_2152_attempt1.log
2026-10-04T14:02:57.033360+00:00 Worker PID 13540 still running; elapsed 257.4 minutes; log C:\Users\LEGION\Documents\GitHub\mechanics\plate_main\p1_data_five\hf_followup_20261003\resume3408_mesh2\worker_logs\run_3408_20261004T094532Z_2152_attempt1.log
2026-10-04T14:03:57.122452+00:00 Worker PID 13540 still running; elapsed 258.4 minutes; log C:\Users\LEGION\Documents\GitHub\mechanics\plate_main\p1_data_five\hf_followup_20261003\resume3408_mesh2\worker_logs\run_3408_20261004T094532Z_2152_attempt1.log
2026-10-04T14:04:57.223139+00:00 Worker PID 13540 still running; elapsed 259.4 minutes; log C:\Users\LEGION\Documents\GitHub\mechanics\plate_main\p1_data_five\hf_followup_20261003\resume3408_mesh2\worker_logs\run_3408_20261004T094532Z_2152_attempt1.log
2026-10-04T14:05:57.284717+00:00 Worker PID 13540 still running; elapsed 260.4 minutes; log C:\Users\LEGION\Documents\GitHub\mechanics\plate_main\p1_data_five\hf_followup_20261003\resume3408_mesh2\worker_logs\run_3408_20261004T094532Z_2152_attempt1.log
2026-10-04T14:06:57.366868+00:00 Worker PID 13540 still running; elapsed 261.4 minutes; log C:\Users\LEGION\Documents\GitHub\mechanics\plate_main\p1_data_five\hf_followup_20261003\resume3408_mesh2\worker_logs\run_3408_20261004T094532Z_2152_attempt1.log
2026-10-04T14:07:57.477192+00:00 Worker PID 13540 still running; elapsed 262.4 minutes; log C:\Users\LEGION\Documents\GitHub\mechanics\plate_main\p1_data_five\hf_followup_20261003\resume3408_mesh2\worker_logs\run_3408_20261004T094532Z_2152_attempt1.log
2026-10-04T14:08:57.578455+00:00 Worker PID 13540 still running; elapsed 263.4 minutes; log C:\Users\LEGION\Documents\GitHub\mechanics\plate_main\p1_data_five\hf_followup_20261003\resume3408_mesh2\worker_logs\run_3408_20261004T094532Z_2152_attempt1.log
2026-10-04T14:09:57.706348+00:00 Worker PID 13540 still running; elapsed 264.4 minutes; log C:\Users\LEGION\Documents\GitHub\mechanics\plate_main\p1_data_five\hf_followup_20261003\resume3408_mesh2\worker_logs\run_3408_20261004T094532Z_2152_attempt1.log
2026-10-04T14:10:57.805556+00:00 Worker PID 13540 still running; elapsed 265.4 minutes; log C:\Users\LEGION\Documents\GitHub\mechanics\plate_main\p1_data_five\hf_followup_20261003\resume3408_mesh2\worker_logs\run_3408_20261004T094532Z_2152_attempt1.log
2026-10-04T14:11:57.916182+00:00 Worker PID 13540 still running; elapsed 266.4 minutes; log C:\Users\LEGION\Documents\GitHub\mechanics\plate_main\p1_data_five\hf_followup_20261003\resume3408_mesh2\worker_logs\run_3408_20261004T094532Z_2152_attempt1.log
2026-10-04T14:12:57.976874+00:00 Worker PID 13540 still running; elapsed 267.4 minutes; log C:\Users\LEGION\Documents\GitHub\mechanics\plate_main\p1_data_five\hf_followup_20261003\resume3408_mesh2\worker_logs\run_3408_20261004T094532Z_2152_attempt1.log
2026-10-04T14:13:58.069599+00:00 Worker PID 13540 still running; elapsed 268.4 minutes; log C:\Users\LEGION\Documents\GitHub\mechanics\plate_main\p1_data_five\hf_followup_20261003\resume3408_mesh2\worker_logs\run_3408_20261004T094532Z_2152_attempt1.log
2026-10-04T14:14:58.128177+00:00 Worker PID 13540 still running; elapsed 269.4 minutes; log C:\Users\LEGION\Documents\GitHub\mechanics\plate_main\p1_data_five\hf_followup_20261003\resume3408_mesh2\worker_logs\run_3408_20261004T094532Z_2152_attempt1.log
2026-10-04T14:15:58.226731+00:00 Worker PID 13540 still running; elapsed 270.4 minutes; log C:\Users\LEGION\Documents\GitHub\mechanics\plate_main\p1_data_five\hf_followup_20261003\resume3408_mesh2\worker_logs\run_3408_20261004T094532Z_2152_attempt1.log
2026-10-04T14:16:58.320858+00:00 Worker PID 13540 still running; elapsed 271.4 minutes; log C:\Users\LEGION\Documents\GitHub\mechanics\plate_main\p1_data_five\hf_followup_20261003\resume3408_mesh2\worker_logs\run_3408_20261004T094532Z_2152_attempt1.log
2026-10-04T14:17:58.423731+00:00 Worker PID 13540 still running; elapsed 272.4 minutes; log C:\Users\LEGION\Documents\GitHub\mechanics\plate_main\p1_data_five\hf_followup_20261003\resume3408_mesh2\worker_logs\run_3408_20261004T094532Z_2152_attempt1.log
2026-10-04T14:18:58.484413+00:00 Worker PID 13540 still running; elapsed 273.4 minutes; log C:\Users\LEGION\Documents\GitHub\mechanics\plate_main\p1_data_five\hf_followup_20261003\resume3408_mesh2\worker_logs\run_3408_20261004T094532Z_2152_attempt1.log
2026-10-04T14:19:58.544857+00:00 Worker PID 13540 still running; elapsed 274.4 minutes; log C:\Users\LEGION\Documents\GitHub\mechanics\plate_main\p1_data_five\hf_followup_20261003\resume3408_mesh2\worker_logs\run_3408_20261004T094532Z_2152_attempt1.log
2026-10-04T14:20:58.628109+00:00 Worker PID 13540 still running; elapsed 275.4 minutes; log C:\Users\LEGION\Documents\GitHub\mechanics\plate_main\p1_data_five\hf_followup_20261003\resume3408_mesh2\worker_logs\run_3408_20261004T094532Z_2152_attempt1.log
2026-10-04T14:21:58.752037+00:00 Worker PID 13540 still running; elapsed 276.4 minutes; log C:\Users\LEGION\Documents\GitHub\mechanics\plate_main\p1_data_five\hf_followup_20261003\resume3408_mesh2\worker_logs\run_3408_20261004T094532Z_2152_attempt1.log
2026-10-04T14:22:58.840860+00:00 Worker PID 13540 still running; elapsed 277.4 minutes; log C:\Users\LEGION\Documents\GitHub\mechanics\plate_main\p1_data_five\hf_followup_20261003\resume3408_mesh2\worker_logs\run_3408_20261004T094532Z_2152_attempt1.log
2026-10-04T14:23:58.942447+00:00 Worker PID 13540 still running; elapsed 278.4 minutes; log C:\Users\LEGION\Documents\GitHub\mechanics\plate_main\p1_data_five\hf_followup_20261003\resume3408_mesh2\worker_logs\run_3408_20261004T094532Z_2152_attempt1.log
2026-10-04T14:24:59.026605+00:00 Worker PID 13540 still running; elapsed 279.4 minutes; log C:\Users\LEGION\Documents\GitHub\mechanics\plate_main\p1_data_five\hf_followup_20261003\resume3408_mesh2\worker_logs\run_3408_20261004T094532Z_2152_attempt1.log
2026-10-04T14:25:59.128189+00:00 Worker PID 13540 still running; elapsed 280.4 minutes; log C:\Users\LEGION\Documents\GitHub\mechanics\plate_main\p1_data_five\hf_followup_20261003\resume3408_mesh2\worker_logs\run_3408_20261004T094532Z_2152_attempt1.log
2026-10-04T14:26:59.212795+00:00 Worker PID 13540 still running; elapsed 281.5 minutes; log C:\Users\LEGION\Documents\GitHub\mechanics\plate_main\p1_data_five\hf_followup_20261003\resume3408_mesh2\worker_logs\run_3408_20261004T094532Z_2152_attempt1.log
2026-10-04T14:27:59.306569+00:00 Worker PID 13540 still running; elapsed 282.5 minutes; log C:\Users\LEGION\Documents\GitHub\mechanics\plate_main\p1_data_five\hf_followup_20261003\resume3408_mesh2\worker_logs\run_3408_20261004T094532Z_2152_attempt1.log
2026-10-04T14:28:59.403737+00:00 Worker PID 13540 still running; elapsed 283.5 minutes; log C:\Users\LEGION\Documents\GitHub\mechanics\plate_main\p1_data_five\hf_followup_20261003\resume3408_mesh2\worker_logs\run_3408_20261004T094532Z_2152_attempt1.log
2026-10-04T14:29:59.499418+00:00 Worker PID 13540 still running; elapsed 284.5 minutes; log C:\Users\LEGION\Documents\GitHub\mechanics\plate_main\p1_data_five\hf_followup_20261003\resume3408_mesh2\worker_logs\run_3408_20261004T094532Z_2152_attempt1.log
2026-10-04T14:30:59.593607+00:00 Worker PID 13540 still running; elapsed 285.5 minutes; log C:\Users\LEGION\Documents\GitHub\mechanics\plate_main\p1_data_five\hf_followup_20261003\resume3408_mesh2\worker_logs\run_3408_20261004T094532Z_2152_attempt1.log
2026-10-04T14:31:59.684262+00:00 Worker PID 13540 still running; elapsed 286.5 minutes; log C:\Users\LEGION\Documents\GitHub\mechanics\plate_main\p1_data_five\hf_followup_20261003\resume3408_mesh2\worker_logs\run_3408_20261004T094532Z_2152_attempt1.log
2026-10-04T14:32:59.790630+00:00 Worker PID 13540 still running; elapsed 287.5 minutes; log C:\Users\LEGION\Documents\GitHub\mechanics\plate_main\p1_data_five\hf_followup_20261003\resume3408_mesh2\worker_logs\run_3408_20261004T094532Z_2152_attempt1.log
2026-10-04T14:33:59.879568+00:00 Worker PID 13540 still running; elapsed 288.5 minutes; log C:\Users\LEGION\Documents\GitHub\mechanics\plate_main\p1_data_five\hf_followup_20261003\resume3408_mesh2\worker_logs\run_3408_20261004T094532Z_2152_attempt1.log
2026-10-04T14:34:59.982067+00:00 Worker PID 13540 still running; elapsed 289.5 minutes; log C:\Users\LEGION\Documents\GitHub\mechanics\plate_main\p1_data_five\hf_followup_20261003\resume3408_mesh2\worker_logs\run_3408_20261004T094532Z_2152_attempt1.log
2026-10-04T14:36:00.104437+00:00 Worker PID 13540 still running; elapsed 290.5 minutes; log C:\Users\LEGION\Documents\GitHub\mechanics\plate_main\p1_data_five\hf_followup_20261003\resume3408_mesh2\worker_logs\run_3408_20261004T094532Z_2152_attempt1.log
2026-10-04T14:37:00.199999+00:00 Worker PID 13540 still running; elapsed 291.5 minutes; log C:\Users\LEGION\Documents\GitHub\mechanics\plate_main\p1_data_five\hf_followup_20261003\resume3408_mesh2\worker_logs\run_3408_20261004T094532Z_2152_attempt1.log
2026-10-04T14:38:00.287075+00:00 Worker PID 13540 still running; elapsed 292.5 minutes; log C:\Users\LEGION\Documents\GitHub\mechanics\plate_main\p1_data_five\hf_followup_20261003\resume3408_mesh2\worker_logs\run_3408_20261004T094532Z_2152_attempt1.log
2026-10-04T14:39:00.386209+00:00 Worker PID 13540 still running; elapsed 293.5 minutes; log C:\Users\LEGION\Documents\GitHub\mechanics\plate_main\p1_data_five\hf_followup_20261003\resume3408_mesh2\worker_logs\run_3408_20261004T094532Z_2152_attempt1.log
2026-10-04T14:40:00.503561+00:00 Worker PID 13540 still running; elapsed 294.5 minutes; log C:\Users\LEGION\Documents\GitHub\mechanics\plate_main\p1_data_five\hf_followup_20261003\resume3408_mesh2\worker_logs\run_3408_20261004T094532Z_2152_attempt1.log
2026-10-04T14:41:00.609208+00:00 Worker PID 13540 still running; elapsed 295.5 minutes; log C:\Users\LEGION\Documents\GitHub\mechanics\plate_main\p1_data_five\hf_followup_20261003\resume3408_mesh2\worker_logs\run_3408_20261004T094532Z_2152_attempt1.log
2026-10-04T14:42:00.677215+00:00 Worker PID 13540 still running; elapsed 296.5 minutes; log C:\Users\LEGION\Documents\GitHub\mechanics\plate_main\p1_data_five\hf_followup_20261003\resume3408_mesh2\worker_logs\run_3408_20261004T094532Z_2152_attempt1.log
2026-10-04T14:43:00.793108+00:00 Worker PID 13540 still running; elapsed 297.5 minutes; log C:\Users\LEGION\Documents\GitHub\mechanics\plate_main\p1_data_five\hf_followup_20261003\resume3408_mesh2\worker_logs\run_3408_20261004T094532Z_2152_attempt1.log
2026-10-04T14:44:00.899477+00:00 Worker PID 13540 still running; elapsed 298.5 minutes; log C:\Users\LEGION\Documents\GitHub\mechanics\plate_main\p1_data_five\hf_followup_20261003\resume3408_mesh2\worker_logs\run_3408_20261004T094532Z_2152_attempt1.log
2026-10-04T14:45:00.991707+00:00 Worker PID 13540 still running; elapsed 299.5 minutes; log C:\Users\LEGION\Documents\GitHub\mechanics\plate_main\p1_data_five\hf_followup_20261003\resume3408_mesh2\worker_logs\run_3408_20261004T094532Z_2152_attempt1.log
